job 3283544 nodes 1 gpus 4 micro 1 accum 1 global 4 steps 1 config /iopsstor/scratch/cscs/veichta/rpr-wp3/configs/wp31_contract_448.yaml ds 1 profile 0 extra --eval-only --eval-max-batches 0 --set dataset.hdf5_root=/iopsstor/scratch/cscs/veichta/rpr-wp3/assets/data/libero_noop_eval200 --set dataset.stats_dir=/iopsstor/scratch/cscs/veichta/rpr-wp3/assets/data/libero_noop_eval200/_stats --set dataset.eval_ratio=1.0
0: Config: /iopsstor/scratch/cscs/veichta/rpr-wp3/configs/wp31_contract_448.yaml
0: Experiment dir: /iopsstor/scratch/cscs/veichta/rpr-wp3/runs/infer_4gpu_3283544/results/robot-20260903-222751
0: Distributed process-group timeout: 120.0 minutes
0: Installed training preemption signal handlers: SIGUSR1, SIGTERM
0: Slurm walltime guard: remaining=693s preemption_guard=90s closed_loop_guard=1800s
0: Distributed periodic preemption signal check disabled; checkpoint/eval boundary checks remain enabled
0: DeepSpeed batch config OK: micro_batch=1, grad_accum=1, world_size=4
0: bf16=True, compile=True, world_size=4
0: DA3 fine-tune views: n_views=3 camera_keys=['agentview_rgb', 'eye_in_hand_rgb', 'agentview_rgb'] rollout_camera_keys=None
0: Stage 1 teacher checkpoint: /iopsstor/scratch/cscs/veichta/rpr-wp3/code/gam/checkpoints/track4world_da3.pth (student/bootstrap checkpoint: /iopsstor/scratch/cscs/veichta/rpr-wp3/code/gam/checkpoints/track4world_da3.pth)
0: Teacher and student/bootstrap Stage 1 checkpoints are identical; set stage_1.teacher_ckpt_path to keep the depth teacher pristine.
0: [93m[WARN ] Dependency `gsplat` is required for rendering 3DGS. Install via: pip install git+https://github.com/nerfstudio-project/gsplat.git@0b4dddf04cb687367602c01196913cde6a743d70[0m
0: [93m[WARN ] Dependency `gsplat` is required for rendering 3DGS. Install via: pip install git+https://github.com/nerfstudio-project/gsplat.git@0b4dddf04cb687367602c01196913cde6a743d70[0m
0: [93m[WARN ] Dependency `gsplat` is required for rendering 3DGS. Install via: pip install git+https://github.com/nerfstudio-project/gsplat.git@0b4dddf04cb687367602c01196913cde6a743d70[0m
0: [93m[WARN ] Dependency `gsplat` is required for rendering 3DGS. Install via: pip install git+https://github.com/nerfstudio-project/gsplat.git@0b4dddf04cb687367602c01196913cde6a743d70[0m
0: [97m[INFO ] using SwiGLU layer as FFN[0m[97m[INFO ] using SwiGLU layer as FFN[0m[97m[INFO ] using SwiGLU layer as FFN[0m
0: 
0: 
0: [97m[INFO ] using SwiGLU layer as FFN[0m
0: [93m[WARN ] Dependency 'e3nn' not found. Required for rotating the camera space SH coeff[0m[93m[WARN ] Dependency 'e3nn' not found. Required for rotating the camera space SH coeff[0m
0: 
0: [93m[WARN ] Dependency 'e3nn' not found. Required for rotating the camera space SH coeff[0m
0: [93m[WARN ] Dependency 'e3nn' not found. Required for rotating the camera space SH coeff[0m
0: DA3 da3-giant loaded: 977 keys, missing=0, unexpected=0
0: DA3 da3-giant loaded: 977 keys, missing=0, unexpected=0
0: DA3 da3-giant loaded: 977 keys, missing=0, unexpected=0
0: DA3 da3-giant loaded: 977 keys, missing=0, unexpected=0
0: [97m[INFO ] using SwiGLU layer as FFN[0m
0: [97m[INFO ] using SwiGLU layer as FFN[0m
0: [97m[INFO ] using SwiGLU layer as FFN[0m
0: [97m[INFO ] using SwiGLU layer as FFN[0m
0: DA3 da3-giant loaded: 977 keys, missing=0, unexpected=0
0: DA3 da3-giant loaded: 977 keys, missing=0, unexpected=0
0: DA3 da3-giant loaded: 977 keys, missing=0, unexpected=0
0: DA3 da3-giant loaded: 977 keys, missing=0, unexpected=0
0: Stage 1 backbone: type=da3 embed_dim=1536 patches/view=1024 registers=0 freeze_before=0
0: ActionHeadV2: chunk_size=4 chunk_position_encoding=learned
0: Unified mode ON: FuturePredictor type=gam, H_choices=[15], lambda_feat_future=1.0000, lambda_feat_current=0.0000, lambda_proprio_future=0.0000, lambda_sigreg=0.0000, lambda_action_direct=1.0000, lambda_action_refine=1.0000, use_language=True, deep_gradient_checkpointing=True, predictor_gradient_checkpointing=True, backbone_deep_gradient_checkpointing=True, deep_temporal_causal_mask=False, use_proprio_head=False, feature_loss_norm=none, feature_loss_type=l2, feature_target_mode=future
0: Loading weights:   0%|          | 0/196 [00:00<?, ?it/s]
0: Loading weights:   0%|          | 0/196 [00:00<?, ?it/s]
0: Loading weights:   0%|          | 0/196 [00:00<?, ?it/s]
0: Loading weights:   0%|          | 0/196 [00:00<?, ?it/s]
0: Loading weights: 100%|██████████| 196/196 [00:00<00:00, 3036.71it/s]
0: Loading weights: 100%|██████████| 196/196 [00:00<00:00, 3698.91it/s]
0: Loading weights: 100%|██████████| 196/196 [00:00<00:00, 3234.58it/s]
0: Loading weights: 100%|██████████| 196/196 [00:00<00:00, 3237.44it/s]
0: [1mCLIPTextModel LOAD REPORT[0m from: /iopsstor/scratch/cscs/veichta/rpr-wp3/assets/clip-vit-large-patch14
0: Key                                                            | Status     |  | 
0: ---------------------------------------------------------------+------------+--+-
0: vision_model.encoder.layers.{0...23}.layer_norm2.bias          | [38;5;208mUNEXPECTED[0m |  | 
0: vision_model.encoder.layers.{0...23}.mlp.fc2.bias              | [38;5;208mUNEXPECTED[0m |  | 
0: vision_model.encoder.layers.{0...23}.mlp.fc1.bias              | [38;5;208mUNEXPECTED[0m |  | 
0: vision_model.encoder.layers.{0...23}.self_attn.k_proj.weight   | [38;5;208mUNEXPECTED[0m |  | 
0: vision_model.encoder.layers.{0...23}.self_attn.k_proj.bias     | [38;5;208mUNEXPECTED[0m |  | 
0: vision_model.encoder.layers.{0...23}.mlp.fc1.weight            | [38;5;208mUNEXPECTED[0m |  | 
0: vision_model.encoder.layers.{0...23}.layer_norm1.weight        | [38;5;208mUNEXPECTED[0m |  | 
0: vision_model.encoder.layers.{0...23}.self_attn.q_proj.weight   | [38;5;
0: 208mUNEXPECTED[0m |  | 
0: vision_model.encoder.layers.{0...23}.self_attn.out_proj.bias   | [38;5;208mUNEXPECTED[0m |  | 
0: vision_model.encoder.layers.{0...23}.self_attn.v_proj.bias     | [38;5;208mUNEXPECTED[0m |  | 
0: vision_model.encoder.layers.{0...23}.self_attn.q_proj.bias     | [38;5;208mUNEXPECTED[0m |  | 
0: vision_model.embeddings.patch_embedding.weight                 | [38;5;208mUNEXPECTED[0m |  | 
0: vision_model.encoder.layers.{0...23}.layer_norm1.bias          | [38;5;208mUNEXPECTED[0m |  | 
0: vision_model.encoder.layers.{0...23}.self_attn.v_proj.weight   | [38;5;208mUNEXPECTED[0m |  | 
0: vision_model.encoder.layers.{0...23}.self_attn.out_proj.weight | [38;5;208mUNEXPECTED[0m |  | 
0: vision_model.encoder.layers.{0...23}.layer_norm2.weight        | [38;5;208mUNEXPECTED[0m |  | 
0: vision_model.encoder.layers.{0...23}.mlp.fc2.weight            | [38;5;208mUNEXPECTED[0m |  | 
0: vision_model.pre_layrnorm.weight                               | [38;5;208mUNEXPECTED[0m |  | 
0: text_projection.weight       
0:                                   | [38;5;208mUNEXPECTED[0m |  | 
0: vision_model.pre_layrnorm.bias                                 | [38;5;208mUNEXPECTED[0m |  | 
0: vision_model.embeddings.position_embedding.weight              | [38;5;208mUNEXPECTED[0m |  | 
0: vision_model.embeddings.position_ids                           | [38;5;208mUNEXPECTED[0m |  | 
0: vision_model.post_layernorm.bias                               | [38;5;208mUNEXPECTED[0m |  | 
0: vision_model.post_layernorm.weight                             | [38;5;208mUNEXPECTED[0m |  | 
0: vision_model.embeddings.class_embedding                        | [38;5;208mUNEXPECTED[0m |  | 
0: visual_projection.weight                                       | [38;5;208mUNEXPECTED[0m |  | 
0: logit_scale                                                    | [38;5;208mUNEXPECTED[0m |  | 
0: text_model.embeddings.position_ids                             | [38;5;208mUNEXPECTED[0m |  | 
0: 
0: Notes:
0: - [38;5;208mUNEXPECTED:[0m	[3mcan be ignored when loading from different
0:  task/architecture; not ok if you expect identical arch.[0m
0: [1mCLIPTextModel LOAD REPORT[0m from: /iopsstor/scratch/cscs/veichta/rpr-wp3/assets/clip-vit-large-patch14
0: Key                                                            | Status     |  | 
0: ---------------------------------------------------------------+------------+--+-
0: vision_model.encoder.layers.{0...23}.mlp.fc1.weight            | [38;5;208mUNEXPECTED[0m |  | 
0: vision_model.encoder.layers.{0...23}.layer_norm1.weight        | [38;5;208mUNEXPECTED[0m |  | 
0: vision_model.encoder.layers.{0...23}.layer_norm2.bias          | [38;5;208mUNEXPECTED[0m |  | 
0: vision_model.encoder.layers.{0...23}.self_attn.q_proj.weight   | [38;5;208mUNEXPECTED[0m |  | 
0: vision_model.encoder.layers.{0...23}.self_attn.q_proj.bias     | [38;5;208mUNEXPECTED[0m |  | 
0: vision_model.encoder.layers.{0...23}.mlp.fc2.weight            | [38;5;208mUNEXPECTED[0m |  | 
0: vision_model.encoder.layers.{0...23}.layer_norm1.bias          | [38;5;208mUNEXPECTED[0m |  | 
0: vision_model.encoder.layers.{0...23}.self_attn.out_proj.bias   | [38;5;
0: 208mUNEXPECTED[0m |  | 
0: vision_model.encoder.layers.{0...23}.self_attn.v_proj.weight   | [38;5;208mUNEXPECTED[0m |  | 
0: vision_model.encoder.layers.{0...23}.self_attn.out_proj.weight | [38;5;208mUNEXPECTED[0m |  | 
0: vision_model.encoder.layers.{0...23}.self_attn.v_proj.bias     | [38;5;208mUNEXPECTED[0m |  | 
0: vision_model.encoder.layers.{0...23}.self_attn.k_proj.bias     | [38;5;208mUNEXPECTED[0m |  | 
0: vision_model.encoder.layers.{0...23}.self_attn.k_proj.weight   | [38;5;208mUNEXPECTED[0m |  | 
0: vision_model.encoder.layers.{0...23}.mlp.fc2.bias              | [38;5;208mUNEXPECTED[0m |  | 
0: vision_model.encoder.layers.{0...23}.mlp.fc1.bias              | [38;5;208mUNEXPECTED[0m |  | 
0: vision_model.encoder.layers.{0...23}.layer_norm2.weight        | [38;5;208mUNEXPECTED[0m |  | 
0: vision_model.embeddings.patch_embedding.weight                 | [38;5;208mUNEXPECTED[0m |  | 
0: vision_model.pre_layrnorm.weight                               | [38;5;208mUNEXPECTED[0m |  | 
0: text_model.embeddings.positio
0: n_ids                             | [38;5;208mUNEXPECTED[0m |  | 
0: vision_model.embeddings.position_embedding.weight              | [38;5;208mUNEXPECTED[0m |  | 
0: vision_model.post_layernorm.bias                               | [38;5;208mUNEXPECTED[0m |  | 
0: visual_projection.weight                                       | [38;5;208mUNEXPECTED[0m |  | 
0: logit_scale                                                    | [38;5;208mUNEXPECTED[0m |  | 
0: vision_model.embeddings.class_embedding                        | [38;5;208mUNEXPECTED[0m |  | 
0: vision_model.post_layernorm.weight                             | [38;5;208mUNEXPECTED[0m |  | 
0: vision_model.pre_layrnorm.bias                                 | [38;5;208mUNEXPECTED[0m |  | 
0: text_projection.weight                                         | [38;5;208mUNEXPECTED[0m |  | 
0: vision_model.embeddings.position_ids                           | [38;5;208mUNEXPECTED[0m |  | 
0: 
0: Notes:
0: - [38;5;208mUNEXPECTED:[0m	[3mcan be ignored when loading from different
0:  task/architecture; not ok if you expect identical arch.[0m
0: [1mCLIPTextModel LOAD REPORT[0m from: /iopsstor/scratch/cscs/veichta/rpr-wp3/assets/clip-vit-large-patch14
0: Key                                                            | Status     |  | 
0: ---------------------------------------------------------------+------------+--+-
0: vision_model.encoder.layers.{0...23}.mlp.fc2.bias              | [38;5;208mUNEXPECTED[0m |  | 
0: vision_model.encoder.layers.{0...23}.self_attn.q_proj.weight   | [38;5;208mUNEXPECTED[0m |  | 
0: vision_model.encoder.layers.{0...23}.mlp.fc1.bias              | [38;5;208mUNEXPECTED[0m |  | 
0: vision_model.encoder.layers.{0...23}.self_attn.v_proj.weight   | [38;5;208mUNEXPECTED[0m |  | 
0: vision_model.encoder.layers.{0...23}.layer_norm2.weight        | [38;5;208mUNEXPECTED[0m |  | 
0: vision_model.encoder.layers.{0...23}.layer_norm1.weight        | [38;5;208mUNEXPECTED[0m |  | 
0: vision_model.encoder.layers.{0...23}.self_attn.q_proj.bias     | [38;5;208mUNEXPECTED[0m |  | 
0: vision_model.encoder.layers.{0...23}.self_attn.k_proj.weight   | [38;5;
0: 208mUNEXPECTED[0m |  | 
0: vision_model.encoder.layers.{0...23}.self_attn.v_proj.bias     | [38;5;208mUNEXPECTED[0m |  | 
0: vision_model.encoder.layers.{0...23}.mlp.fc2.weight            | [38;5;208mUNEXPECTED[0m |  | 
0: vision_model.encoder.layers.{0...23}.self_attn.out_proj.bias   | [38;5;208mUNEXPECTED[0m |  | 
0: logit_scale                                                    | [38;5;208mUNEXPECTED[0m |  | 
0: vision_model.encoder.layers.{0...23}.self_attn.k_proj.bias     | [38;5;208mUNEXPECTED[0m |  | 
0: vision_model.encoder.layers.{0...23}.self_attn.out_proj.weight | [38;5;208mUNEXPECTED[0m |  | 
0: vision_model.embeddings.class_embedding                        | [38;5;208mUNEXPECTED[0m |  | 
0: vision_model.encoder.layers.{0...23}.layer_norm1.bias          | [38;5;208mUNEXPECTED[0m |  | 
0: vision_model.encoder.layers.{0...23}.layer_norm2.bias          | [38;5;208mUNEXPECTED[0m |  | 
0: vision_model.encoder.layers.{0...23}.mlp.fc1.weight            | [38;5;208mUNEXPECTED[0m |  | 
0: vision_model.pre_layrnorm.wei
0: ght                               | [38;5;208mUNEXPECTED[0m |  | 
0: vision_model.post_layernorm.weight                             | [38;5;208mUNEXPECTED[0m |  | 
0: vision_model.pre_layrnorm.bias                                 | [38;5;208mUNEXPECTED[0m |  | 
0: vision_model.embeddings.patch_embedding.weight                 | [38;5;208mUNEXPECTED[0m |  | 
0: vision_model.embeddings.position_embedding.weight              | [38;5;208mUNEXPECTED[0m |  | 
0: vision_model.post_layernorm.bias                               | [38;5;208mUNEXPECTED[0m |  | 
0: text_projection.weight                                         | [38;5;208mUNEXPECTED[0m |  | 
0: vision_model.embeddings.position_ids                           | [38;5;208mUNEXPECTED[0m |  | 
0: text_model.embeddings.position_ids                             | [38;5;208mUNEXPECTED[0m |  | 
0: visual_projection.weight                                       | [38;5;208mUNEXPECTED[0m |  | 
0: 
0: Notes:
0: - [38;5;208mUNEXPECTED:[0m	[3mcan be ignored when loading from different
0:  task/architecture; not ok if you expect identical arch.[0m
0: [1mCLIPTextModel LOAD REPORT[0m from: /iopsstor/scratch/cscs/veichta/rpr-wp3/assets/clip-vit-large-patch14
0: Key                                                            | Status     |  | 
0: ---------------------------------------------------------------+------------+--+-
0: vision_model.encoder.layers.{0...23}.mlp.fc2.bias              | [38;5;208mUNEXPECTED[0m |  | 
0: vision_model.encoder.layers.{0...23}.layer_norm1.weight        | [38;5;208mUNEXPECTED[0m |  | 
0: vision_model.encoder.layers.{0...23}.layer_norm1.bias          | [38;5;208mUNEXPECTED[0m |  | 
0: vision_model.encoder.layers.{0...23}.self_attn.v_proj.weight   | [38;5;208mUNEXPECTED[0m |  | 
0: vision_model.encoder.layers.{0...23}.self_attn.k_proj.bias     | [38;5;208mUNEXPECTED[0m |  | 
0: vision_model.encoder.layers.{0...23}.self_attn.q_proj.bias     | [38;5;208mUNEXPECTED[0m |  | 
0: text_projection.weight                                         | [38;5;208mUNEXPECTED[0m |  | 
0: vision_model.encoder.layers.{0...23}.mlp.fc1.bias              | [38;5;
0: 208mUNEXPECTED[0m |  | 
0: vision_model.encoder.layers.{0...23}.self_attn.v_proj.bias     | [38;5;208mUNEXPECTED[0m |  | 
0: vision_model.encoder.layers.{0...23}.layer_norm2.bias          | [38;5;208mUNEXPECTED[0m |  | 
0: vision_model.encoder.layers.{0...23}.mlp.fc1.weight            | [38;5;208mUNEXPECTED[0m |  | 
0: vision_model.encoder.layers.{0...23}.self_attn.out_proj.weight | [38;5;208mUNEXPECTED[0m |  | 
0: vision_model.encoder.layers.{0...23}.mlp.fc2.weight            | [38;5;208mUNEXPECTED[0m |  | 
0: vision_model.encoder.layers.{0...23}.self_attn.q_proj.weight   | [38;5;208mUNEXPECTED[0m |  | 
0: vision_model.encoder.layers.{0...23}.self_attn.k_proj.weight   | [38;5;208mUNEXPECTED[0m |  | 
0: vision_model.encoder.layers.{0...23}.self_attn.out_proj.bias   | [38;5;208mUNEXPECTED[0m |  | 
0: vision_model.post_layernorm.weight                             | [38;5;208mUNEXPECTED[0m |  | 
0: vision_model.encoder.layers.{0...23}.layer_norm2.weight        | [38;5;208mUNEXPECTED[0m |  | 
0: vision_model.post_layernorm.b
0: ias                               | [38;5;208mUNEXPECTED[0m |  | 
0: logit_scale                                                    | [38;5;208mUNEXPECTED[0m |  | 
0: text_model.embeddings.position_ids                             | [38;5;208mUNEXPECTED[0m |  | 
0: vision_model.embeddings.position_ids                           | [38;5;208mUNEXPECTED[0m |  | 
0: visual_projection.weight                                       | [38;5;208mUNEXPECTED[0m |  | 
0: vision_model.embeddings.class_embedding                        | [38;5;208mUNEXPECTED[0m |  | 
0: vision_model.embeddings.patch_embedding.weight                 | [38;5;208mUNEXPECTED[0m |  | 
0: vision_model.pre_layrnorm.weight                               | [38;5;208mUNEXPECTED[0m |  | 
0: vision_model.pre_layrnorm.bias                                 | [38;5;208mUNEXPECTED[0m |  | 
0: vision_model.embeddings.position_embedding.weight              | [38;5;208mUNEXPECTED[0m |  | 
0: 
0: Notes:
0: - [38;5;208mUNEXPECTED:[0m	[3mcan be ignored when loading from different
0:  task/architecture; not ok if you expect identical arch.[0m
0: FuturePredictor trainable params: 260.5M
0: Student DA3 + head + predictor trainable params: 1401.8M
0: Unified DA3 GT depth loss enabled: type=da3_full lambda_depth=0.0500 depth_grad_weight=1.0000 lambda_depth_conf=0.2000 lambda_ray=1.0000 lambda_point=1.0000 lambda_camera_pose=0.0000
0: Unified GT depth decode chunk size: 16
0: Unified GT depth decode context: full_sequence future_steps=0
0: Compiling model with torch.compile (mode=default)...
0: Schedule: cosine decay, warmup=500 steps, max=1 steps, min_lr_ratio=0.010
0: DeepSpeed optimizer: backbone_lr=5.0e-05, head_lr=5.0e-04 (10x), predictor_lr=1.0e-05 (0.2x), wd=0.0000, adam_eps=1.0e-06, betas=(0.9000, 0.9990)
0: DDP gradient accumulation: grad_accum_steps=1 no_sync_non_boundary=False
0: LiberoHDF5SequenceDataset [eval]: 400 samples from 400 files fps=20.0->20.00Hz chunk_size=4 random_stride=False cameras=['agentview_rgb', 'eye_in_hand_rgb', 'agentview_rgb'] uniform_action_sampling=False hdf5_mask=off da3_input_rotate180=True da3_input_hflip=True da3_input_vflip=False gt_depth_rotate180=True gt_depth_hflip=True gt_depth_vflip=False gt_depth=embedded_hdf5 noop_filter=off action_frame=base proprio_orientation=axis_angle openpi_libero_augment=False image_aug_profile=legacy jpeg_train=False@q95 jpeg_eval=False@q95
0: LiberoHDF5SequenceDataset [eval]: 400 samples from 400 files fps=20.0->20.00Hz chunk_size=4 random_stride=False cameras=['agentview_rgb', 'eye_in_hand_rgb', 'agentview_rgb'] uniform_action_sampling=False hdf5_mask=off da3_input_rotate180=True da3_input_hflip=True da3_input_vflip=False gt_depth_rotate180=True gt_depth_hflip=True gt_depth_vflip=False gt_depth=embedded_hdf5 noop_filter=off action_frame=base proprio_orientation=axis_angle openpi_libero_augment=False image_aug_profile=legacy jpeg_train=False@q95 jpeg_eval=False@q95
0: LiberoHDF5SequenceDataset [eval]: 400 samples from 400 files fps=20.0->20.00Hz chunk_size=4 random_stride=False cameras=['agentview_rgb', 'eye_in_hand_rgb', 'agentview_rgb'] uniform_action_sampling=False hdf5_mask=off da3_input_rotate180=True da3_input_hflip=True da3_input_vflip=False gt_depth_rotate180=True gt_depth_hflip=True gt_depth_vflip=False gt_depth=embedded_hdf5 noop_filter=off action_frame=base proprio_orientation=axis_angle openpi_libero_augment=False image_aug_profile=legacy jpeg_train=False@q95 jpeg_eval=False@q95
0: LiberoHDF5SequenceDataset [eval]: 400 samples from 400 files fps=20.0->20.00Hz chunk_size=4 random_stride=False cameras=['agentview_rgb', 'eye_in_hand_rgb', 'agentview_rgb'] uniform_action_sampling=False hdf5_mask=off da3_input_rotate180=True da3_input_hflip=True da3_input_vflip=False gt_depth_rotate180=True gt_depth_hflip=True gt_depth_vflip=False gt_depth=embedded_hdf5 noop_filter=off action_frame=base proprio_orientation=axis_angle openpi_libero_augment=False image_aug_profile=legacy jpeg_train=False@q95 jpeg_eval=False@q95
0: Dataset build [eval] size=400 elapsed=0.5s max_episodes=None eval_max_episodes=None batch_size=1
0: Syncing action-stats-dir-create normalizer stats across 4 ranks
0: Loading action normalizer from /iopsstor/scratch/cscs/veichta/rpr-wp3/assets/data/libero_noop_eval200/_stats for 1 datasets (target_hz=None, per_ds_hz={'libero_hdf5': 20.0})
0: Action normalizer stats keys: ['libero_hdf5']
0: Syncing proprio-stats-dir-create normalizer stats across 4 ranks
0: Loading proprio normalizer from /iopsstor/scratch/cscs/veichta/rpr-wp3/assets/data/libero_noop_eval200/_stats for 1 datasets
0: Proprio normalizer stats keys: ['libero_hdf5']
0: Action stats: libero_hdf5: mean=[0.1949000060558319, 0.0778999999165535, -0.18230000138282776, 0.007699999958276749, -0.0010999999940395355, -0.055399999022483826, 0.6625000238418579] std=[0.4472000002861023, 0.21089999377727509, 0.6061999797821045, 0.031300000846385956, 0.0714000016450882, 0.07109999656677246, 0.4731000065803528]
0: Action stats: libero_hdf5: mean=[0.1949000060558319, 0.0778999999165535, -0.18230000138282776, 0.007699999958276749, -0.0010999999940395355, -0.055399999022483826, 0.6625000238418579] std=[0.4472000002861023, 0.21089999377727509, 0.6061999797821045, 0.031300000846385956, 0.0714000016450882, 0.07109999656677246, 0.4731000065803528]
0: Action stats: libero_hdf5: mean=[0.1949000060558319, 0.0778999999165535, -0.18230000138282776, 0.007699999958276749, -0.0010999999940395355, -0.055399999022483826, 0.6625000238418579] std=[0.4472000002861023, 0.21089999377727509, 0.6061999797821045, 0.031300000846385956, 0.0714000016450882, 0.07109999656677246, 0.4731000065803528]
0: ======================================================================
0: TRAINING CONFIGURATION
0: ======================================================================
0:   target_hz: None
0:   libero_hdf5                     native=20fps  action_stride=1  visual_anchor_stride=4  chunk=4  labels/sample=64  effective=20.0Hz  max_stride=1
0:   action normalizer: 1 datasets, stats_keys=['libero_hdf5']
0:   action normalizer unit: per policy action after action_stride aggregation; chunk_size groups multiple normalized 7D policy actions under one visual anchor.
0:   action_head chunk_position_encoding: learned
0:   samples=400  batch=1  epochs=500000  batches/epoch=100
0: ======================================================================
0: [step=0000000] unified eval starting H=15 batches=full eval_len=100
0: Action stats: libero_hdf5: mean=[0.1949000060558319, 0.0778999999165535, -0.18230000138282776, 0.007699999958276749, -0.0010999999940395355, -0.055399999022483826, 0.6625000238418579] std=[0.4472000002861023, 0.21089999377727509, 0.6061999797821045, 0.031300000846385956, 0.0714000016450882, 0.07109999656677246, 0.4731000065803528]
0: [step=0000000] EVAL-UNIFIED H=15 l1_norm=0.4969 mse_norm=0.37915 l1_raw=0.2838 mse_raw=0.18909 r2_norm=-0.994 rel@5/10=0.153/0.270 (400 samples, 400 batches)
0: Saved PDF report to /iopsstor/scratch/cscs/veichta/rpr-wp3/runs/infer_4gpu_3283544/gssr_3283544.pdf
0: pdf /iopsstor/scratch/cscs/veichta/rpr-wp3/runs/infer_4gpu_3283544/gssr_3283544.pdf
