job 3280385 nodes 1 gpus 4 micro 1 accum 12 steps 200 config configs/training/libero_unified/gam/chunk8_150k_2node.yaml ds 1 extra --set da3_finetune.freeze_blocks_before=0 --set da3_finetune.n_views=3 --set dataset.n_views=3 --set dataset.camera_keys=[agentview_rgb,eye_in_hand_rgb,agentview_rgb] --set dataset.future_steps=15 --set da3_finetune.n_action_steps=16 --set dataset.chunk_size=4 --set action_head.chunk_size=4 --set predictor.H_choices=[1,2,3,4,5,6,7,8,9,10,11,12,13,14,15] --set predictor.H_weights=[1,1,1,1,1,1,1,1,1,1,1,1,1,1,1] --set regularization.lambda_point=1.0 --set predictor.deep_gradient_checkpointing=true
0: Config: configs/training/libero_unified/gam/chunk8_150k_2node.yaml
0: Experiment dir: /iopsstor/scratch/cscs/veichta/rpr-wp3/runs/contract-224_4gpu_3280385/results/robot-20260903-162141
0: Distributed process-group timeout: 120.0 minutes
0: Installed training preemption signal handlers: SIGUSR1, SIGTERM
0: Slurm walltime guard: remaining=567s preemption_guard=90s closed_loop_guard=1800s
0: Distributed periodic preemption signal check disabled; checkpoint/eval boundary checks remain enabled
0: DeepSpeed batch config OK: micro_batch=1, grad_accum=12, world_size=4
0: bf16=True, compile=False, world_size=4
0: DA3 fine-tune views: n_views=3 camera_keys=['agentview_rgb', 'eye_in_hand_rgb', 'agentview_rgb'] rollout_camera_keys=None
0: Stage 1 teacher checkpoint: /iopsstor/scratch/cscs/veichta/rpr-wp3/code/gam/checkpoints/track4world_da3.pth (student/bootstrap checkpoint: /iopsstor/scratch/cscs/veichta/rpr-wp3/code/gam/checkpoints/track4world_da3.pth)
0: Teacher and student/bootstrap Stage 1 checkpoints are identical; set stage_1.teacher_ckpt_path to keep the depth teacher pristine.
0: [93m[WARN ] Dependency `gsplat` is required for rendering 3DGS. Install via: pip install git+https://github.com/nerfstudio-project/gsplat.git@0b4dddf04cb687367602c01196913cde6a743d70[0m[93m[WARN ] Dependency `gsplat` is required for rendering 3DGS. Install via: pip install git+https://github.com/nerfstudio-project/gsplat.git@0b4dddf04cb687367602c01196913cde6a743d70[0m
0: [93m[WARN ] Dependency `gsplat` is required for rendering 3DGS. Install via: pip install git+https://github.com/nerfstudio-project/gsplat.git@0b4dddf04cb687367602c01196913cde6a743d70[0m
0: 
0: [93m[WARN ] Dependency `gsplat` is required for rendering 3DGS. Install via: pip install git+https://github.com/nerfstudio-project/gsplat.git@0b4dddf04cb687367602c01196913cde6a743d70[0m
0: [97m[INFO ] using SwiGLU layer as FFN[0m
0: [97m[INFO ] using SwiGLU layer as FFN[0m
0: [97m[INFO ] using SwiGLU layer as FFN[0m
0: [97m[INFO ] using SwiGLU layer as FFN[0m
0: [93m[WARN ] Dependency 'e3nn' not found. Required for rotating the camera space SH coeff[0m[93m[WARN ] Dependency 'e3nn' not found. Required for rotating the camera space SH coeff[0m
0: 
0: [93m[WARN ] Dependency 'e3nn' not found. Required for rotating the camera space SH coeff[0m
0: [93m[WARN ] Dependency 'e3nn' not found. Required for rotating the camera space SH coeff[0m
0: DA3 da3-giant loaded: 977 keys, missing=0, unexpected=0
0: DA3 da3-giant loaded: 977 keys, missing=0, unexpected=0
0: DA3 da3-giant loaded: 977 keys, missing=0, unexpected=0
0: DA3 da3-giant loaded: 977 keys, missing=0, unexpected=0
0: [97m[INFO ] using SwiGLU layer as FFN[0m
0: [97m[INFO ] using SwiGLU layer as FFN[0m
0: [97m[INFO ] using SwiGLU layer as FFN[0m
0: [97m[INFO ] using SwiGLU layer as FFN[0m
0: DA3 da3-giant loaded: 977 keys, missing=0, unexpected=0
0: DA3 da3-giant loaded: 977 keys, missing=0, unexpected=0
0: DA3 da3-giant loaded: 977 keys, missing=0, unexpected=0
0: DA3 da3-giant loaded: 977 keys, missing=0, unexpected=0
0: Stage 1 backbone: type=da3 embed_dim=1536 patches/view=256 registers=0 freeze_before=0
0: ActionHeadV2: chunk_size=4 chunk_position_encoding=learned
0: Unified mode ON: FuturePredictor type=gam, H_choices=[1, 2, 3, 4, 5, 6, 7, 8, 9, 10, 11, 12, 13, 14, 15], lambda_feat_future=1.0000, lambda_feat_current=0.0000, lambda_proprio_future=0.0000, lambda_sigreg=0.0000, lambda_action_direct=1.0000, lambda_action_refine=1.0000, use_language=True, deep_gradient_checkpointing=True, predictor_gradient_checkpointing=True, backbone_deep_gradient_checkpointing=True, deep_temporal_causal_mask=False, use_proprio_head=False, feature_loss_norm=none, feature_loss_type=l2, feature_target_mode=future
0: Loading weights:   0%|          | 0/196 [00:00<?, ?it/s]
0: Loading weights:   0%|          | 0/196 [00:00<?, ?it/s]
0: Loading weights: 100%|██████████| 196/196 [00:00<00:00, 2577.73it/s]
0: [1mCLIPTextModel LOAD REPORT[0m from: /iopsstor/scratch/cscs/veichta/rpr-wp3/assets/clip-vit-large-patch14
0: Key                                                            | Status     |  | 
0: ---------------------------------------------------------------+------------+--+-
0: vision_model.encoder.layers.{0...23}.self_attn.out_proj.bias   | [38;5;208mUNEXPECTED[0m |  | 
0: vision_model.encoder.layers.{0...23}.mlp.fc2.bias              | [38;5;208mUNEXPECTED[0m |  | 
0: vision_model.encoder.layers.{0...23}.layer_norm2.weight        | [38;5;208mUNEXPECTED[0m |  | 
0: vision_model.encoder.layers.{0...23}.self_attn.q_proj.bias     | [38;5;208mUNEXPECTED[0m |  | 
0: vision_model.encoder.layers.{0...23}.layer_norm1.weight        | [38;5;208mUNEXPECTED[0m |  | 
0: vision_model.encoder.layers.{0...23}.self_attn.v_proj.bias     | [38;5;208mUNEXPECTED[0m |  | 
0: text_projection.weight                                         | [38;5;208mUNEXPECTED[0m |  | 
0: vision_model.encoder.layers.{0...23}.self_attn.k_proj.weight   | [38;5;
0: 208mUNEXPECTED[0m |  | 
0: vision_model.encoder.layers.{0...23}.mlp.fc2.weight            | [38;5;208mUNEXPECTED[0m |  | 
0: vision_model.encoder.layers.{0...23}.self_attn.out_proj.weight | [38;5;208mUNEXPECTED[0m |  | 
0: vision_model.encoder.layers.{0...23}.mlp.fc1.bias              | [38;5;208mUNEXPECTED[0m |  | 
0: vision_model.encoder.layers.{0...23}.layer_norm2.bias          | [38;5;208mUNEXPECTED[0m |  | 
0: vision_model.encoder.layers.{0...23}.self_attn.v_proj.weight   | [38;5;208mUNEXPECTED[0m |  | 
0: vision_model.encoder.layers.{0...23}.self_attn.k_proj.bias     | [38;5;208mUNEXPECTED[0m |  | 
0: vision_model.encoder.layers.{0...23}.self_attn.q_proj.weight   | [38;5;208mUNEXPECTED[0m |  | 
0: vision_model.encoder.layers.{0...23}.layer_norm1.bias          | [38;5;208mUNEXPECTED[0m |  | 
0: vision_model.encoder.layers.{0...23}.mlp.fc1.weight            | [38;5;208mUNEXPECTED[0m |  | 
0: vision_model.embeddings.patch_embedding.weight                 | [38;5;208mUNEXPECTED[0m |  | 
0: visual_projection.weight     
0:                                   | [38;5;208mUNEXPECTED[0m |  | 
0: text_model.embeddings.position_ids                             | [38;5;208mUNEXPECTED[0m |  | 
0: vision_model.embeddings.position_ids                           | [38;5;208mUNEXPECTED[0m |  | 
0: vision_model.pre_layrnorm.weight                               | [38;5;208mUNEXPECTED[0m |  | 
0: vision_model.post_layernorm.weight                             | [38;5;208mUNEXPECTED[0m |  | 
0: vision_model.embeddings.class_embedding                        | [38;5;208mUNEXPECTED[0m |  | 
0: vision_model.post_layernorm.bias                               | [38;5;208mUNEXPECTED[0m |  | 
0: vision_model.pre_layrnorm.bias                                 | [38;5;208mUNEXPECTED[0m |  | 
0: logit_scale                                                    | [38;5;208mUNEXPECTED[0m |  | 
0: vision_model.embeddings.position_embedding.weight              | [38;5;208mUNEXPECTED[0m |  | 
0: 
0: Notes:
0: - [38;5;208mUNEXPECTED:[0m	[3mcan be ignored when loading from different
0:  task/architecture; not ok if you expect identical arch.[0m
0: Loading weights: 100%|██████████| 196/196 [00:00<00:00, 8528.72it/s]
0: [1mCLIPTextModel LOAD REPORT[0m from: /iopsstor/scratch/cscs/veichta/rpr-wp3/assets/clip-vit-large-patch14
0: Key                                                            | Status     |  | 
0: ---------------------------------------------------------------+------------+--+-
0: vision_model.encoder.layers.{0...23}.mlp.fc2.bias              | [38;5;208mUNEXPECTED[0m |  | 
0: vision_model.encoder.layers.{0...23}.self_attn.k_proj.bias     | [38;5;208mUNEXPECTED[0m |  | 
0: vision_model.encoder.layers.{0...23}.layer_norm1.bias          | [38;5;208mUNEXPECTED[0m |  | 
0: vision_model.encoder.layers.{0...23}.self_attn.v_proj.weight   | [38;5;208mUNEXPECTED[0m |  | 
0: vision_model.encoder.layers.{0...23}.self_attn.v_proj.bias     | [38;5;208mUNEXPECTED[0m |  | 
0: vision_model.encoder.layers.{0...23}.self_attn.q_proj.bias     | [38;5;208mUNEXPECTED[0m |  | 
0: vision_model.encoder.layers.{0...23}.layer_norm2.bias          | [38;5;208mUNEXPECTED[0m |  | 
0: vision_model.encoder.layers.{0...23}.self_attn.out_proj.bias   | [38;5;
0: 208mUNEXPECTED[0m |  | 
0: vision_model.encoder.layers.{0...23}.self_attn.k_proj.weight   | [38;5;208mUNEXPECTED[0m |  | 
0: vision_model.encoder.layers.{0...23}.layer_norm2.weight        | [38;5;208mUNEXPECTED[0m |  | 
0: vision_model.encoder.layers.{0...23}.layer_norm1.weight        | [38;5;208mUNEXPECTED[0m |  | 
0: vision_model.encoder.layers.{0...23}.mlp.fc2.weight            | [38;5;208mUNEXPECTED[0m |  | 
0: vision_model.encoder.layers.{0...23}.mlp.fc1.weight            | [38;5;208mUNEXPECTED[0m |  | 
0: vision_model.encoder.layers.{0...23}.self_attn.q_proj.weight   | [38;5;208mUNEXPECTED[0m |  | 
0: vision_model.encoder.layers.{0...23}.self_attn.out_proj.weight | [38;5;208mUNEXPECTED[0m |  | 
0: text_model.embeddings.position_ids                             | [38;5;208mUNEXPECTED[0m |  | 
0: vision_model.encoder.layers.{0...23}.mlp.fc1.bias              | [38;5;208mUNEXPECTED[0m |  | 
0: visual_projection.weight                                       | [38;5;208mUNEXPECTED[0m |  | 
0: vision_model.post_layernorm.w
0: eight                             | [38;5;208mUNEXPECTED[0m |  | 
0: vision_model.embeddings.class_embedding                        | [38;5;208mUNEXPECTED[0m |  | 
0: vision_model.pre_layrnorm.weight                               | [38;5;208mUNEXPECTED[0m |  | 
0: vision_model.embeddings.patch_embedding.weight                 | [38;5;208mUNEXPECTED[0m |  | 
0: vision_model.post_layernorm.bias                               | [38;5;208mUNEXPECTED[0m |  | 
0: text_projection.weight                                         | [38;5;208mUNEXPECTED[0m |  | 
0: logit_scale                                                    | [38;5;208mUNEXPECTED[0m |  | 
0: vision_model.pre_layrnorm.bias                                 | [38;5;208mUNEXPECTED[0m |  | 
0: vision_model.embeddings.position_ids                           | [38;5;208mUNEXPECTED[0m |  | 
0: vision_model.embeddings.position_embedding.weight              | [38;5;208mUNEXPECTED[0m |  | 
0: 
0: Notes:
0: - [38;5;208mUNEXPECTED:[0m	[3mcan be ignored when loading from different
0:  task/architecture; not ok if you expect identical arch.[0m
0: Loading weights:   0%|          | 0/196 [00:00<?, ?it/s]
0: Loading weights: 100%|██████████| 196/196 [00:00<00:00, 9586.42it/s]
0: [1mCLIPTextModel LOAD REPORT[0m from: /iopsstor/scratch/cscs/veichta/rpr-wp3/assets/clip-vit-large-patch14
0: Key                                                            | Status     |  | 
0: ---------------------------------------------------------------+------------+--+-
0: vision_model.encoder.layers.{0...23}.mlp.fc2.bias              | [38;5;208mUNEXPECTED[0m |  | 
0: vision_model.encoder.layers.{0...23}.self_attn.v_proj.bias     | [38;5;208mUNEXPECTED[0m |  | 
0: vision_model.encoder.layers.{0...23}.layer_norm1.bias          | [38;5;208mUNEXPECTED[0m |  | 
0: vision_model.encoder.layers.{0...23}.layer_norm1.weight        | [38;5;208mUNEXPECTED[0m |  | 
0: vision_model.encoder.layers.{0...23}.self_attn.out_proj.bias   | [38;5;208mUNEXPECTED[0m |  | 
0: vision_model.encoder.layers.{0...23}.layer_norm2.bias          | [38;5;208mUNEXPECTED[0m |  | 
0: vision_model.encoder.layers.{0...23}.self_attn.out_proj.weight | [38;5;208mUNEXPECTED[0m |  | 
0: vision_model.encoder.layers.{0...23}.self_attn.k_proj.bias     | [38;5;
0: 208mUNEXPECTED[0m |  | 
0: vision_model.encoder.layers.{0...23}.self_attn.k_proj.weight   | [38;5;208mUNEXPECTED[0m |  | 
0: vision_model.encoder.layers.{0...23}.self_attn.q_proj.bias     | [38;5;208mUNEXPECTED[0m |  | 
0: vision_model.encoder.layers.{0...23}.layer_norm2.weight        | [38;5;208mUNEXPECTED[0m |  | 
0: vision_model.encoder.layers.{0...23}.mlp.fc1.weight            | [38;5;208mUNEXPECTED[0m |  | 
0: vision_model.encoder.layers.{0...23}.self_attn.v_proj.weight   | [38;5;208mUNEXPECTED[0m |  | 
0: vision_model.encoder.layers.{0...23}.mlp.fc1.bias              | [38;5;208mUNEXPECTED[0m |  | 
0: vision_model.encoder.layers.{0...23}.self_attn.q_proj.weight   | [38;5;208mUNEXPECTED[0m |  | 
0: vision_model.encoder.layers.{0...23}.mlp.fc2.weight            | [38;5;208mUNEXPECTED[0m |  | 
0: text_projection.weight                                         | [38;5;208mUNEXPECTED[0m |  | 
0: vision_model.embeddings.position_ids                           | [38;5;208mUNEXPECTED[0m |  | 
0: vision_model.pre_layrnorm.bia
0: s                                 | [38;5;208mUNEXPECTED[0m |  | 
0: vision_model.post_layernorm.weight                             | [38;5;208mUNEXPECTED[0m |  | 
0: vision_model.pre_layrnorm.weight                               | [38;5;208mUNEXPECTED[0m |  | 
0: logit_scale                                                    | [38;5;208mUNEXPECTED[0m |  | 
0: visual_projection.weight                                       | [38;5;208mUNEXPECTED[0m |  | 
0: text_model.embeddings.position_ids                             | [38;5;208mUNEXPECTED[0m |  | 
0: vision_model.post_layernorm.bias                               | [38;5;208mUNEXPECTED[0m |  | 
0: vision_model.embeddings.patch_embedding.weight                 | [38;5;208mUNEXPECTED[0m |  | 
0: vision_model.embeddings.position_embedding.weight              | [38;5;208mUNEXPECTED[0m |  | 
0: vision_model.embeddings.class_embedding                        | [38;5;208mUNEXPECTED[0m |  | 
0: 
0: Notes:
0: - [38;5;208mUNEXPECTED:[0m	[3mcan be ignored when loading from different
0:  task/architecture; not ok if you expect identical arch.[0m
0: Loading weights:   0%|          | 0/196 [00:00<?, ?it/s]
0: Loading weights: 100%|██████████| 196/196 [00:00<00:00, 8543.61it/s]
0: [1mCLIPTextModel LOAD REPORT[0m from: /iopsstor/scratch/cscs/veichta/rpr-wp3/assets/clip-vit-large-patch14
0: Key                                                            | Status     |  | 
0: ---------------------------------------------------------------+------------+--+-
0: vision_model.encoder.layers.{0...23}.self_attn.k_proj.bias     | [38;5;208mUNEXPECTED[0m |  | 
0: vision_model.encoder.layers.{0...23}.self_attn.v_proj.weight   | [38;5;208mUNEXPECTED[0m |  | 
0: vision_model.encoder.layers.{0...23}.mlp.fc1.weight            | [38;5;208mUNEXPECTED[0m |  | 
0: vision_model.encoder.layers.{0...23}.mlp.fc2.bias              | [38;5;208mUNEXPECTED[0m |  | 
0: vision_model.encoder.layers.{0...23}.self_attn.k_proj.weight   | [38;5;208mUNEXPECTED[0m |  | 
0: vision_model.encoder.layers.{0...23}.self_attn.q_proj.bias     | [38;5;208mUNEXPECTED[0m |  | 
0: vision_model.encoder.layers.{0...23}.mlp.fc1.bias              | [38;5;208mUNEXPECTED[0m |  | 
0: vision_model.encoder.layers.{0...23}.layer_norm1.weight        | [38;5;
0: 208mUNEXPECTED[0m |  | 
0: vision_model.post_layernorm.weight                             | [38;5;208mUNEXPECTED[0m |  | 
0: vision_model.encoder.layers.{0...23}.self_attn.out_proj.weight | [38;5;208mUNEXPECTED[0m |  | 
0: vision_model.encoder.layers.{0...23}.self_attn.out_proj.bias   | [38;5;208mUNEXPECTED[0m |  | 
0: vision_model.encoder.layers.{0...23}.layer_norm1.bias          | [38;5;208mUNEXPECTED[0m |  | 
0: vision_model.encoder.layers.{0...23}.layer_norm2.weight        | [38;5;208mUNEXPECTED[0m |  | 
0: vision_model.encoder.layers.{0...23}.mlp.fc2.weight            | [38;5;208mUNEXPECTED[0m |  | 
0: vision_model.encoder.layers.{0...23}.self_attn.v_proj.bias     | [38;5;208mUNEXPECTED[0m |  | 
0: vision_model.encoder.layers.{0...23}.self_attn.q_proj.weight   | [38;5;208mUNEXPECTED[0m |  | 
0: vision_model.encoder.layers.{0...23}.layer_norm2.bias          | [38;5;208mUNEXPECTED[0m |  | 
0: visual_projection.weight                                       | [38;5;208mUNEXPECTED[0m |  | 
0: text_model.embeddings.positio
0: n_ids                             | [38;5;208mUNEXPECTED[0m |  | 
0: text_projection.weight                                         | [38;5;208mUNEXPECTED[0m |  | 
0: vision_model.pre_layrnorm.bias                                 | [38;5;208mUNEXPECTED[0m |  | 
0: vision_model.embeddings.class_embedding                        | [38;5;208mUNEXPECTED[0m |  | 
0: vision_model.embeddings.position_embedding.weight              | [38;5;208mUNEXPECTED[0m |  | 
0: vision_model.post_layernorm.bias                               | [38;5;208mUNEXPECTED[0m |  | 
0: logit_scale                                                    | [38;5;208mUNEXPECTED[0m |  | 
0: vision_model.embeddings.patch_embedding.weight                 | [38;5;208mUNEXPECTED[0m |  | 
0: vision_model.embeddings.position_ids                           | [38;5;208mUNEXPECTED[0m |  | 
0: vision_model.pre_layrnorm.weight                               | [38;5;208mUNEXPECTED[0m |  | 
0: 
0: Notes:
0: - [38;5;208mUNEXPECTED:[0m	[3mcan be ignored when loading from different
0:  task/architecture; not ok if you expect identical arch.[0m
0: FuturePredictor trainable params: 260.5M
0: Student DA3 + head + predictor trainable params: 1401.8M
0: Unified DA3 GT depth loss enabled: type=da3_style lambda_depth=0.0500 depth_grad_weight=1.0000 lambda_depth_conf=0.2000 lambda_ray=0.0000 lambda_point=1.0000 lambda_camera_pose=0.0000
0: Unified GT depth decode chunk size: 1
0: Unified GT depth decode context: full_sequence future_steps=0
0: Schedule: cosine decay, warmup=500 steps, max=200 steps, min_lr_ratio=0.010
0: DeepSpeed optimizer: backbone_lr=5.0e-05, head_lr=5.0e-04 (10x), predictor_lr=1.0e-05 (0.2x), wd=0.0000, adam_eps=1.0e-06, betas=(0.9000, 0.9990)
0: DDP gradient accumulation: grad_accum_steps=12 no_sync_non_boundary=False
0: LiberoHDF5SequenceDataset [train]: 1 samples from 1 files fps=20.0->20.00Hz chunk_size=4 random_stride=False cameras=['agentview_rgb', 'eye_in_hand_rgb', 'agentview_rgb'] uniform_action_sampling=False hdf5_mask=off da3_input_rotate180=True da3_input_hflip=True da3_input_vflip=False gt_depth_rotate180=True gt_depth_hflip=True gt_depth_vflip=False gt_depth=embedded_hdf5 noop_filter=off action_frame=base proprio_orientation=axis_angle openpi_libero_augment=False image_aug_profile=legacy jpeg_train=False@q95 jpeg_eval=False@q95
0: LiberoHDF5SequenceDataset [train]: 1 samples from 1 files fps=20.0->20.00Hz chunk_size=4 random_stride=False cameras=['agentview_rgb', 'eye_in_hand_rgb', 'agentview_rgb'] uniform_action_sampling=False hdf5_mask=off da3_input_rotate180=True da3_input_hflip=True da3_input_vflip=False gt_depth_rotate180=True gt_depth_hflip=True gt_depth_vflip=False gt_depth=embedded_hdf5 noop_filter=off action_frame=base proprio_orientation=axis_angle openpi_libero_augment=False image_aug_profile=legacy jpeg_train=False@q95 jpeg_eval=False@q95
0: LiberoHDF5SequenceDataset [train]: 1 samples from 1 files fps=20.0->20.00Hz chunk_size=4 random_stride=False cameras=['agentview_rgb', 'eye_in_hand_rgb', 'agentview_rgb'] uniform_action_sampling=False hdf5_mask=off da3_input_rotate180=True da3_input_hflip=True da3_input_vflip=False gt_depth_rotate180=True gt_depth_hflip=True gt_depth_vflip=False gt_depth=embedded_hdf5 noop_filter=off action_frame=base proprio_orientation=axis_angle openpi_libero_augment=False image_aug_profile=legacy jpeg_train=False@q95 jpeg_eval=False@q95
0: LiberoHDF5SequenceDataset [train]: 1 samples from 1 files fps=20.0->20.00Hz chunk_size=4 random_stride=False cameras=['agentview_rgb', 'eye_in_hand_rgb', 'agentview_rgb'] uniform_action_sampling=False hdf5_mask=off da3_input_rotate180=True da3_input_hflip=True da3_input_vflip=False gt_depth_rotate180=True gt_depth_hflip=True gt_depth_vflip=False gt_depth=embedded_hdf5 noop_filter=off action_frame=base proprio_orientation=axis_angle openpi_libero_augment=False image_aug_profile=legacy jpeg_train=False@q95 jpeg_eval=False@q95
0: 
0: Dataset build [train] size=1 elapsed=0.0s max_episodes=None eval_max_episodes=None batch_size=1
0: Dataset virtual epoch [train] physical_size=1 virtual_size=800 min_batches_per_rank=200
0: Skipping eval dataset build (eval_every=999999)
0: Syncing action-stats-dir-create normalizer stats across 4 ranks
0: Loading action normalizer from /iopsstor/scratch/cscs/veichta/rpr-wp3/code/gam/data/libero_noop/_stats for 1 datasets (target_hz=None, per_ds_hz={'libero_hdf5': 20.0})
0: Action normalizer stats keys: ['libero_hdf5']
0: Syncing proprio-stats-dir-create normalizer stats across 4 ranks
0: Loading proprio normalizer from /iopsstor/scratch/cscs/veichta/rpr-wp3/code/gam/data/libero_noop/_stats for 1 datasets
0: Proprio normalizer stats keys: ['libero_hdf5']
0: Action stats: libero_hdf5: mean=[0.19519999623298645, 0.0778999999165535, -0.18369999527931213, 0.007799999788403511, -0.0010999999940395355, -0.055399999022483826, 0.6625000238418579] std=[0.4471000134944916, 0.2110999971628189, 0.6069999933242798, 0.031199999153614044, 0.0714000016450882, 0.07109999656677246, 0.47279998660087585]
0: Action stats: libero_hdf5: mean=[0.19519999623298645, 0.0778999999165535, -0.18369999527931213, 0.007799999788403511, -0.0010999999940395355, -0.055399999022483826, 0.6625000238418579] std=[0.4471000134944916, 0.2110999971628189, 0.6069999933242798, 0.031199999153614044, 0.0714000016450882, 0.07109999656677246, 0.47279998660087585]
0: Action stats: libero_hdf5: mean=[0.19519999623298645, 0.0778999999165535, -0.18369999527931213, 0.007799999788403511, -0.0010999999940395355, -0.055399999022483826, 0.6625000238418579] std=[0.4471000134944916, 0.2110999971628189, 0.6069999933242798, 0.031199999153614044, 0.0714000016450882, 0.07109999656677246, 0.47279998660087585]
0: ======================================================================
0: TRAINING CONFIGURATION
0: ======================================================================
0:   target_hz: None
0:   libero_hdf5                     native=20fps  action_stride=1  visual_anchor_stride=4  chunk=4  labels/sample=64  effective=20.0Hz  max_stride=1
0:   action normalizer: 1 datasets, stats_keys=['libero_hdf5']
0:   action normalizer unit: per policy action after action_stride aggregation; chunk_size groups multiple normalized 7D policy actions under one visual anchor.
0:   action_head chunk_position_encoding: learned
0:   samples=800  batch=1  epochs=500000  batches/epoch=200
0: ======================================================================
0: Action stats: libero_hdf5: mean=[0.19519999623298645, 0.0778999999165535, -0.18369999527931213, 0.007799999788403511, -0.0010999999940395355, -0.055399999022483826, 0.6625000238418579] std=[0.4471000134944916, 0.2110999971628189, 0.6069999933242798, 0.031199999153614044, 0.0714000016450882, 0.07109999656677246, 0.47279998660087585]
0: [data-wait step=0000010 rank=0] wait=0.00s threshold=20.00s epoch_batch=10 datasets=libero_hdf5:1 stats=libero_hdf5:1 views=3:1 valid=1.000 cameras=agentview_rgb+eye_in_hand_rgb+agentview_rgb:1 episodes=0-0 start_t=1-1 frames=1-61
0: [step=0000010] total=4.2160 action_l1=1.1162 feat=0.8359 depth=0.6299 ray=0.0000 point=0.0000 rel@1/5/10=0.038/0.168/0.298 mse=0.30879 s/step=3.374 lr=5.0e-11/5.0e-10
0: [data-wait step=0000020 rank=0] wait=0.00s threshold=20.00s epoch_batch=20 datasets=libero_hdf5:1 stats=libero_hdf5:1 views=3:1 valid=1.000 cameras=agentview_rgb+eye_in_hand_rgb+agentview_rgb:1 episodes=0-0 start_t=13-13 frames=13-73
0: [step=0000020] total=4.0808 action_l1=1.0715 feat=0.8351 depth=0.6237 ray=0.0000 point=0.0000 rel@1/5/10=0.040/0.164/0.300 mse=0.32713 s/step=1.565 lr=1.0e-07/1.0e-06
0: [data-wait step=0000030 rank=0] wait=0.00s threshold=20.00s epoch_batch=30 datasets=libero_hdf5:1 stats=libero_hdf5:1 views=3:1 valid=1.000 cameras=agentview_rgb+eye_in_hand_rgb+agentview_rgb:1 episodes=0-0 start_t=23-23 frames=23-83
0: [step=0000030] total=4.0045 action_l1=1.0457 feat=0.8359 depth=0.6338 ray=0.0000 point=0.0000 rel@1/5/10=0.021/0.093/0.329 mse=0.22867 s/step=1.335 lr=2.0e-07/2.0e-06
0: [data-wait step=0000040 rank=0] wait=0.00s threshold=20.00s epoch_batch=40 datasets=libero_hdf5:1 stats=libero_hdf5:1 views=3:1 valid=1.000 cameras=agentview_rgb+eye_in_hand_rgb+agentview_rgb:1 episodes=0-0 start_t=8-8 frames=8-68
0: [step=0000040] total=4.3867 action_l1=1.1731 feat=0.8361 depth=0.6249 ray=0.0000 point=0.0000 rel@1/5/10=0.031/0.107/0.158 mse=0.47453 s/step=1.386 lr=3.0e-07/3.0e-06
0: [data-wait step=0000050 rank=0] wait=0.00s threshold=20.00s epoch_batch=50 datasets=libero_hdf5:1 stats=libero_hdf5:1 views=3:1 valid=1.000 cameras=agentview_rgb+eye_in_hand_rgb+agentview_rgb:1 episodes=0-0 start_t=19-19 frames=19-79
0: [step=0000050] total=4.0470 action_l1=1.0602 feat=0.8348 depth=0.6298 ray=0.0000 point=0.0000 rel@1/5/10=0.033/0.176/0.309 mse=0.35016 s/step=1.519 lr=4.0e-07/4.0e-06
0: [data-wait step=0000060 rank=0] wait=0.00s threshold=20.00s epoch_batch=60 datasets=libero_hdf5:1 stats=libero_hdf5:1 views=3:1 valid=1.000 cameras=agentview_rgb+eye_in_hand_rgb+agentview_rgb:1 episodes=0-0 start_t=21-21 frames=21-81
0: [step=0000060] total=4.0837 action_l1=1.0722 feat=0.8362 depth=0.6189 ray=0.0000 point=0.0000 rel@1/5/10=0.071/0.321/0.464 mse=0.23601 s/step=1.395 lr=5.0e-07/5.0e-06
0: [data-wait step=0000070 rank=0] wait=0.00s threshold=20.00s epoch_batch=70 datasets=libero_hdf5:1 stats=libero_hdf5:1 views=3:1 valid=1.000 cameras=agentview_rgb+eye_in_hand_rgb+agentview_rgb:1 episodes=0-0 start_t=21-21 frames=21-81
0: [step=0000070] total=3.8248 action_l1=0.9860 feat=0.8349 depth=0.6395 ray=0.0000 point=0.0000 rel@1/5/10=0.071/0.257/0.386 mse=0.22178 s/step=1.507 lr=5.0e-07/5.0e-06
0: [data-wait step=0000080 rank=0] wait=0.00s threshold=20.00s epoch_batch=80 datasets=libero_hdf5:1 stats=libero_hdf5:1 views=3:1 valid=1.000 cameras=agentview_rgb+eye_in_hand_rgb+agentview_rgb:1 episodes=0-0 start_t=26-26 frames=26-86
0: [step=0000080] total=3.9563 action_l1=1.0302 feat=0.8349 depth=0.6167 ray=0.0000 point=0.0000 rel@1/5/10=0.018/0.161/0.304 mse=0.22248 s/step=1.512 lr=6.0e-07/6.0e-06
0: [data-wait step=0000090 rank=0] wait=0.00s threshold=20.00s epoch_batch=90 datasets=libero_hdf5:1 stats=libero_hdf5:1 views=3:1 valid=1.000 cameras=agentview_rgb+eye_in_hand_rgb+agentview_rgb:1 episodes=0-0 start_t=20-20 frames=20-80
0: [step=0000090] total=3.5481 action_l1=0.8936 feat=0.8365 depth=0.6190 ray=0.0000 point=0.0000 rel@1/5/10=0.036/0.143/0.536 mse=0.15059 s/step=1.375 lr=7.0e-07/7.0e-06
0: [data-wait step=0000100 rank=0] wait=0.00s threshold=20.00s epoch_batch=100 datasets=libero_hdf5:1 stats=libero_hdf5:1 views=3:1 valid=1.000 cameras=agentview_rgb+eye_in_hand_rgb+agentview_rgb:1 episodes=0-0 start_t=32-32 frames=32-92
0: [step=0000100] total=3.4369 action_l1=0.8572 feat=0.8344 depth=0.6179 ray=0.0000 point=0.0000 rel@1/5/10=0.000/0.321/0.536 mse=0.09479 s/step=1.480 lr=8.0e-07/8.0e-06
0: [data-wait step=0000110 rank=0] wait=0.00s threshold=20.00s epoch_batch=110 datasets=libero_hdf5:1 stats=libero_hdf5:1 views=3:1 valid=1.000 cameras=agentview_rgb+eye_in_hand_rgb+agentview_rgb:1 episodes=0-0 start_t=26-26 frames=26-86
0: [step=0000110] total=3.4140 action_l1=0.8484 feat=0.8369 depth=0.6375 ray=0.0000 point=0.0000 rel@1/5/10=0.014/0.079/0.182 mse=0.34765 s/step=1.435 lr=9.0e-07/9.0e-06
0: [data-wait step=0000120 rank=0] wait=0.00s threshold=20.00s epoch_batch=120 datasets=libero_hdf5:1 stats=libero_hdf5:1 views=3:1 valid=1.000 cameras=agentview_rgb+eye_in_hand_rgb+agentview_rgb:1 episodes=0-0 start_t=25-25 frames=25-85
0: [step=0000120] total=3.1337 action_l1=0.7554 feat=0.8364 depth=0.6241 ray=0.0000 point=0.0000 rel@1/5/10=0.027/0.107/0.241 mse=0.22750 s/step=1.371 lr=1.0e-06/1.0e-05
0: [data-wait step=0000130 rank=0] wait=0.00s threshold=20.00s epoch_batch=130 datasets=libero_hdf5:1 stats=libero_hdf5:1 views=3:1 valid=1.000 cameras=agentview_rgb+eye_in_hand_rgb+agentview_rgb:1 episodes=0-0 start_t=8-8 frames=8-68
0: [step=0000130] total=3.1464 action_l1=0.7599 feat=0.8352 depth=0.6287 ray=0.0000 point=0.0000 rel@1/5/10=0.012/0.089/0.179 mse=0.34389 s/step=1.637 lr=1.0e-06/1.0e-05
0: [data-wait step=0000140 rank=0] wait=0.00s threshold=20.00s epoch_batch=140 datasets=libero_hdf5:1 stats=libero_hdf5:1 views=3:1 valid=1.000 cameras=agentview_rgb+eye_in_hand_rgb+agentview_rgb:1 episodes=0-0 start_t=17-17 frames=17-77
0: [step=0000140] total=3.0696 action_l1=0.7344 feat=0.8351 depth=0.6262 ray=0.0000 point=0.0000 rel@1/5/10=0.016/0.071/0.143 mse=0.36653 s/step=1.520 lr=1.1e-06/1.1e-05
0: [data-wait step=0000150 rank=0] wait=0.00s threshold=20.00s epoch_batch=150 datasets=libero_hdf5:1 stats=libero_hdf5:1 views=3:1 valid=1.000 cameras=agentview_rgb+eye_in_hand_rgb+agentview_rgb:1 episodes=0-0 start_t=19-19 frames=19-79
0: [step=0000150] total=3.2728 action_l1=0.8019 feat=0.8357 depth=0.6249 ray=0.0000 point=0.0000 rel@1/5/10=0.025/0.139/0.254 mse=0.28279 s/step=1.432 lr=1.2e-06/1.2e-05
0: [data-wait step=0000160 rank=0] wait=0.00s threshold=20.00s epoch_batch=160 datasets=libero_hdf5:1 stats=libero_hdf5:1 views=3:1 valid=1.000 cameras=agentview_rgb+eye_in_hand_rgb+agentview_rgb:1 episodes=0-0 start_t=9-9 frames=9-69
0: [step=0000160] total=3.6049 action_l1=0.9135 feat=0.8339 depth=0.6107 ray=0.0000 point=0.0000 rel@1/5/10=0.036/0.129/0.271 mse=0.27753 s/step=1.662 lr=1.3e-06/1.3e-05
0: [data-wait step=0000170 rank=0] wait=0.00s threshold=20.00s epoch_batch=170 datasets=libero_hdf5:1 stats=libero_hdf5:1 views=3:1 valid=1.000 cameras=agentview_rgb+eye_in_hand_rgb+agentview_rgb:1 episodes=0-0 start_t=8-8 frames=8-68
0: [step=0000170] total=3.8180 action_l1=0.9834 feat=0.8371 depth=0.6152 ray=0.0000 point=0.0000 rel@1/5/10=0.029/0.150/0.352 mse=0.27426 s/step=1.497 lr=1.4e-06/1.4e-05
0: [data-wait step=0000180 rank=0] wait=0.00s threshold=20.00s epoch_batch=180 datasets=libero_hdf5:1 stats=libero_hdf5:1 views=3:1 valid=1.000 cameras=agentview_rgb+eye_in_hand_rgb+agentview_rgb:1 episodes=0-0 start_t=16-16 frames=16-76
0: [step=0000180] total=3.8882 action_l1=1.0071 feat=0.8358 depth=0.6230 ray=0.0000 point=0.0000 rel@1/5/10=0.015/0.082/0.224 mse=0.23788 s/step=1.431 lr=1.5e-06/1.5e-05
0: [data-wait step=0000190 rank=0] wait=0.00s threshold=20.00s epoch_batch=190 datasets=libero_hdf5:1 stats=libero_hdf5:1 views=3:1 valid=1.000 cameras=agentview_rgb+eye_in_hand_rgb+agentview_rgb:1 episodes=0-0 start_t=3-3 frames=3-63
0: [step=0000190] total=3.7406 action_l1=0.9579 feat=0.8356 depth=0.6218 ray=0.0000 point=0.0000 rel@1/5/10=0.061/0.245/0.406 mse=0.22707 s/step=1.506 lr=1.5e-06/1.5e-05
0: [data-wait step=0000200 rank=0] wait=0.00s threshold=20.00s epoch_batch=200 datasets=libero_hdf5:1 stats=libero_hdf5:1 views=3:1 valid=1.000 cameras=agentview_rgb+eye_in_hand_rgb+agentview_rgb:1 episodes=0-0 start_t=5-5 frames=5-65
0: [step=0000200] total=3.4855 action_l1=0.8733 feat=0.8351 depth=0.6085 ray=0.0000 point=0.0000 rel@1/5/10=0.043/0.229/0.389 mse=0.15944 s/step=1.634 lr=1.6e-06/1.6e-05
0: Training complete.
0: Saved PDF report to /iopsstor/scratch/cscs/veichta/rpr-wp3/runs/contract-224_4gpu_3280385/gssr_3280385.pdf
0: pdf /iopsstor/scratch/cscs/veichta/rpr-wp3/runs/contract-224_4gpu_3280385/gssr_3280385.pdf
