job 3279461 nodes 1 gpus 4 micro 3 accum 4 steps 150 config configs/training/libero_unified/gam/chunk8_150k_2node.yaml ds 1 extra 
0: Config: configs/training/libero_unified/gam/chunk8_150k_2node.yaml
0: Experiment dir: /iopsstor/scratch/cscs/veichta/rpr-wp3/runs/zero2_4gpu_3279461/results/robot-20260903-150705
0: Distributed process-group timeout: 120.0 minutes
0: Installed training preemption signal handlers: SIGUSR1, SIGTERM
0: Slurm walltime guard: remaining=1165s preemption_guard=90s closed_loop_guard=1800s
0: Distributed periodic preemption signal check disabled; checkpoint/eval boundary checks remain enabled
0: DeepSpeed batch config OK: micro_batch=3, grad_accum=4, world_size=4
0: bf16=True, compile=False, world_size=4
0: DA3 fine-tune views: n_views=2 camera_keys=['agentview_rgb', 'eye_in_hand_rgb'] rollout_camera_keys=None
0: Stage 1 teacher checkpoint: /iopsstor/scratch/cscs/veichta/rpr-wp3/code/gam/checkpoints/track4world_da3.pth (student/bootstrap checkpoint: /iopsstor/scratch/cscs/veichta/rpr-wp3/code/gam/checkpoints/track4world_da3.pth)
0: Teacher and student/bootstrap Stage 1 checkpoints are identical; set stage_1.teacher_ckpt_path to keep the depth teacher pristine.
0: [93m[WARN ] Dependency `gsplat` is required for rendering 3DGS. Install via: pip install git+https://github.com/nerfstudio-project/gsplat.git@0b4dddf04cb687367602c01196913cde6a743d70[0m
0: [93m[WARN ] Dependency `gsplat` is required for rendering 3DGS. Install via: pip install git+https://github.com/nerfstudio-project/gsplat.git@0b4dddf04cb687367602c01196913cde6a743d70[0m
0: [93m[WARN ] Dependency `gsplat` is required for rendering 3DGS. Install via: pip install git+https://github.com/nerfstudio-project/gsplat.git@0b4dddf04cb687367602c01196913cde6a743d70[0m
0: [93m[WARN ] Dependency `gsplat` is required for rendering 3DGS. Install via: pip install git+https://github.com/nerfstudio-project/gsplat.git@0b4dddf04cb687367602c01196913cde6a743d70[0m
0: [97m[INFO ] using SwiGLU layer as FFN[0m
0: [97m[INFO ] using SwiGLU layer as FFN[0m[97m[INFO ] using SwiGLU layer as FFN[0m
0: 
0: [97m[INFO ] using SwiGLU layer as FFN[0m
0: [93m[WARN ] Dependency 'e3nn' not found. Required for rotating the camera space SH coeff[0m
0: [93m[WARN ] Dependency 'e3nn' not found. Required for rotating the camera space SH coeff[0m
0: [93m[WARN ] Dependency 'e3nn' not found. Required for rotating the camera space SH coeff[0m
0: [93m[WARN ] Dependency 'e3nn' not found. Required for rotating the camera space SH coeff[0m
0: DA3 da3-giant loaded: 977 keys, missing=0, unexpected=0
0: DA3 da3-giant loaded: 977 keys, missing=0, unexpected=0
0: DA3 da3-giant loaded: 977 keys, missing=0, unexpected=0
0: DA3 da3-giant loaded: 977 keys, missing=0, unexpected=0
0: [97m[INFO ] using SwiGLU layer as FFN[0m
0: [97m[INFO ] using SwiGLU layer as FFN[0m
0: [97m[INFO ] using SwiGLU layer as FFN[0m
0: [97m[INFO ] using SwiGLU layer as FFN[0m
0: DA3 da3-giant loaded: 977 keys, missing=0, unexpected=0
0: DA3 da3-giant loaded: 977 keys, missing=0, unexpected=0
0: Stage 1 backbone: type=da3 embed_dim=1536 patches/view=256 registers=0 freeze_before=13
0: ActionHeadV2: chunk_size=8 chunk_position_encoding=learned
0: Unified mode ON: FuturePredictor type=gam, H_choices=[1, 2, 3, 4, 5, 6, 7], lambda_feat_future=1.0000, lambda_feat_current=0.0000, lambda_proprio_future=0.0000, lambda_sigreg=0.0000, lambda_action_direct=1.0000, lambda_action_refine=1.0000, use_language=True, deep_gradient_checkpointing=False, predictor_gradient_checkpointing=False, backbone_deep_gradient_checkpointing=False, deep_temporal_causal_mask=False, use_proprio_head=False, feature_loss_norm=none, feature_loss_type=l2, feature_target_mode=future
0: DA3 da3-giant loaded: 977 keys, missing=0, unexpected=0
0: DA3 da3-giant loaded: 977 keys, missing=0, unexpected=0
0: Loading weights:   0%|          | 0/196 [00:00<?, ?it/s]
0: Loading weights: 100%|██████████| 196/196 [00:00<00:00, 3272.77it/s]
0: [1mCLIPTextModel LOAD REPORT[0m from: /iopsstor/scratch/cscs/veichta/rpr-wp3/assets/clip-vit-large-patch14
0: Key                                                            | Status     |  | 
0: ---------------------------------------------------------------+------------+--+-
0: vision_model.encoder.layers.{0...23}.mlp.fc1.weight            | [38;5;208mUNEXPECTED[0m |  | 
0: vision_model.encoder.layers.{0...23}.self_attn.q_proj.bias     | [38;5;208mUNEXPECTED[0m |  | 
0: vision_model.encoder.layers.{0...23}.self_attn.v_proj.weight   | [38;5;208mUNEXPECTED[0m |  | 
0: vision_model.encoder.layers.{0...23}.self_attn.q_proj.weight   | [38;5;208mUNEXPECTED[0m |  | 
0: vision_model.encoder.layers.{0...23}.self_attn.k_proj.bias     | [38;5;208mUNEXPECTED[0m |  | 
0: vision_model.encoder.layers.{0...23}.layer_norm1.bias          | [38;5;208mUNEXPECTED[0m |  | 
0: vision_model.encoder.layers.{0...23}.self_attn.k_proj.weight   | [38;5;208mUNEXPECTED[0m |  | 
0: vision_model.encoder.layers.{0...23}.mlp.fc2.bias              | [38;5;
0: 208mUNEXPECTED[0m |  | 
0: vision_model.encoder.layers.{0...23}.self_attn.v_proj.bias     | [38;5;208mUNEXPECTED[0m |  | 
0: vision_model.encoder.layers.{0...23}.layer_norm2.weight        | [38;5;208mUNEXPECTED[0m |  | 
0: vision_model.encoder.layers.{0...23}.layer_norm1.weight        | [38;5;208mUNEXPECTED[0m |  | 
0: vision_model.encoder.layers.{0...23}.layer_norm2.bias          | [38;5;208mUNEXPECTED[0m |  | 
0: vision_model.encoder.layers.{0...23}.self_attn.out_proj.weight | [38;5;208mUNEXPECTED[0m |  | 
0: vision_model.encoder.layers.{0...23}.mlp.fc1.bias              | [38;5;208mUNEXPECTED[0m |  | 
0: vision_model.encoder.layers.{0...23}.self_attn.out_proj.bias   | [38;5;208mUNEXPECTED[0m |  | 
0: vision_model.pre_layrnorm.weight                               | [38;5;208mUNEXPECTED[0m |  | 
0: vision_model.embeddings.position_ids                           | [38;5;208mUNEXPECTED[0m |  | 
0: vision_model.encoder.layers.{0...23}.mlp.fc2.weight            | [38;5;208mUNEXPECTED[0m |  | 
0: vision_model.post_layernorm.w
0: eight                             | [38;5;208mUNEXPECTED[0m |  | 
0: vision_model.pre_layrnorm.bias                                 | [38;5;208mUNEXPECTED[0m |  | 
0: vision_model.embeddings.class_embedding                        | [38;5;208mUNEXPECTED[0m |  | 
0: text_projection.weight                                         | [38;5;208mUNEXPECTED[0m |  | 
0: visual_projection.weight                                       | [38;5;208mUNEXPECTED[0m |  | 
0: logit_scale                                                    | [38;5;208mUNEXPECTED[0m |  | 
0: vision_model.post_layernorm.bias                               | [38;5;208mUNEXPECTED[0m |  | 
0: vision_model.embeddings.patch_embedding.weight                 | [38;5;208mUNEXPECTED[0m |  | 
0: text_model.embeddings.position_ids                             | [38;5;208mUNEXPECTED[0m |  | 
0: vision_model.embeddings.position_embedding.weight              | [38;5;208mUNEXPECTED[0m |  | 
0: 
0: Notes:
0: - [38;5;208mUNEXPECTED:[0m	[3mcan be ignored when loading from different
0:  task/architecture; not ok if you expect identical arch.[0m
0: Loading weights:   0%|          | 0/196 [00:00<?, ?it/s]
0: Loading weights: 100%|██████████| 196/196 [00:00<00:00, 11068.40it/s]
0: [1mCLIPTextModel LOAD REPORT[0m from: /iopsstor/scratch/cscs/veichta/rpr-wp3/assets/clip-vit-large-patch14
0: Key                                                            | Status     |  | 
0: ---------------------------------------------------------------+------------+--+-
0: vision_model.encoder.layers.{0...23}.mlp.fc2.weight            | [38;5;208mUNEXPECTED[0m |  | 
0: vision_model.encoder.layers.{0...23}.layer_norm1.bias          | [38;5;208mUNEXPECTED[0m |  | 
0: vision_model.encoder.layers.{0...23}.layer_norm1.weight        | [38;5;208mUNEXPECTED[0m |  | 
0: vision_model.encoder.layers.{0...23}.mlp.fc1.weight            | [38;5;208mUNEXPECTED[0m |  | 
0: vision_model.encoder.layers.{0...23}.layer_norm2.weight        | [38;5;208mUNEXPECTED[0m |  | 
0: vision_model.encoder.layers.{0...23}.self_attn.v_proj.weight   | [38;5;208mUNEXPECTED[0m |  | 
0: vision_model.encoder.layers.{0...23}.self_attn.k_proj.weight   | [38;5;208mUNEXPECTED[0m |  | 
0: vision_model.encoder.layers.{0...23}.self_attn.out_proj.bias   | [38;5;
0: 208mUNEXPECTED[0m |  | 
0: visual_projection.weight                                       | [38;5;208mUNEXPECTED[0m |  | 
0: vision_model.encoder.layers.{0...23}.self_attn.v_proj.bias     | [38;5;208mUNEXPECTED[0m |  | 
0: vision_model.post_layernorm.weight                             | [38;5;208mUNEXPECTED[0m |  | 
0: vision_model.encoder.layers.{0...23}.self_attn.q_proj.bias     | [38;5;208mUNEXPECTED[0m |  | 
0: vision_model.encoder.layers.{0...23}.self_attn.q_proj.weight   | [38;5;208mUNEXPECTED[0m |  | 
0: vision_model.encoder.layers.{0...23}.layer_norm2.bias          | [38;5;208mUNEXPECTED[0m |  | 
0: logit_scale                                                    | [38;5;208mUNEXPECTED[0m |  | 
0: vision_model.encoder.layers.{0...23}.self_attn.k_proj.bias     | [38;5;208mUNEXPECTED[0m |  | 
0: vision_model.encoder.layers.{0...23}.mlp.fc2.bias              | [38;5;208mUNEXPECTED[0m |  | 
0: vision_model.encoder.layers.{0...23}.mlp.fc1.bias              | [38;5;208mUNEXPECTED[0m |  | 
0: vision_model.post_layernorm.b
0: ias                               | [38;5;208mUNEXPECTED[0m |  | 
0: vision_model.encoder.layers.{0...23}.self_attn.out_proj.weight | [38;5;208mUNEXPECTED[0m |  | 
0: vision_model.pre_layrnorm.weight                               | [38;5;208mUNEXPECTED[0m |  | 
0: vision_model.pre_layrnorm.bias                                 | [38;5;208mUNEXPECTED[0m |  | 
0: text_model.embeddings.position_ids                             | [38;5;208mUNEXPECTED[0m |  | 
0: vision_model.embeddings.class_embedding                        | [38;5;208mUNEXPECTED[0m |  | 
0: text_projection.weight                                         | [38;5;208mUNEXPECTED[0m |  | 
0: vision_model.embeddings.position_embedding.weight              | [38;5;208mUNEXPECTED[0m |  | 
0: vision_model.embeddings.position_ids                           | [38;5;208mUNEXPECTED[0m |  | 
0: vision_model.embeddings.patch_embedding.weight                 | [38;5;208mUNEXPECTED[0m |  | 
0: 
0: Notes:
0: - [38;5;208mUNEXPECTED:[0m	[3mcan be ignored when loading from different
0:  task/architecture; not ok if you expect identical arch.[0m
0: Loading weights:   0%|          | 0/196 [00:00<?, ?it/s]
0: Loading weights: 100%|██████████| 196/196 [00:00<00:00, 7426.50it/s]
0: [1mCLIPTextModel LOAD REPORT[0m from: /iopsstor/scratch/cscs/veichta/rpr-wp3/assets/clip-vit-large-patch14
0: Key                                                            | Status     |  | 
0: ---------------------------------------------------------------+------------+--+-
0: vision_model.encoder.layers.{0...23}.self_attn.k_proj.weight   | [38;5;208mUNEXPECTED[0m |  | 
0: vision_model.encoder.layers.{0...23}.self_attn.k_proj.bias     | [38;5;208mUNEXPECTED[0m |  | 
0: vision_model.encoder.layers.{0...23}.self_attn.out_proj.weight | [38;5;208mUNEXPECTED[0m |  | 
0: vision_model.encoder.layers.{0...23}.layer_norm2.weight        | [38;5;208mUNEXPECTED[0m |  | 
0: vision_model.encoder.layers.{0...23}.layer_norm2.bias          | [38;5;208mUNEXPECTED[0m |  | 
0: vision_model.encoder.layers.{0...23}.layer_norm1.weight        | [38;5;208mUNEXPECTED[0m |  | 
0: vision_model.encoder.layers.{0...23}.mlp.fc1.bias              | [38;5;208mUNEXPECTED[0m |  | 
0: vision_model.encoder.layers.{0...23}.self_attn.q_proj.bias     | [38;5;
0: 208mUNEXPECTED[0m |  | 
0: vision_model.encoder.layers.{0...23}.self_attn.out_proj.bias   | [38;5;208mUNEXPECTED[0m |  | 
0: vision_model.encoder.layers.{0...23}.self_attn.v_proj.weight   | [38;5;208mUNEXPECTED[0m |  | 
0: vision_model.encoder.layers.{0...23}.self_attn.q_proj.weight   | [38;5;208mUNEXPECTED[0m |  | 
0: vision_model.encoder.layers.{0...23}.mlp.fc1.weight            | [38;5;208mUNEXPECTED[0m |  | 
0: vision_model.encoder.layers.{0...23}.mlp.fc2.bias              | [38;5;208mUNEXPECTED[0m |  | 
0: vision_model.encoder.layers.{0...23}.self_attn.v_proj.bias     | [38;5;208mUNEXPECTED[0m |  | 
0: vision_model.encoder.layers.{0...23}.mlp.fc2.weight            | [38;5;208mUNEXPECTED[0m |  | 
0: vision_model.encoder.layers.{0...23}.layer_norm1.bias          | [38;5;208mUNEXPECTED[0m |  | 
0: text_projection.weight                                         | [38;5;208mUNEXPECTED[0m |  | 
0: logit_scale                                                    | [38;5;208mUNEXPECTED[0m |  | 
0: vision_model.embeddings.patch
0: _embedding.weight                 | [38;5;208mUNEXPECTED[0m |  | 
0: vision_model.embeddings.position_embedding.weight              | [38;5;208mUNEXPECTED[0m |  | 
0: vision_model.post_layernorm.bias                               | [38;5;208mUNEXPECTED[0m |  | 
0: vision_model.post_layernorm.weight                             | [38;5;208mUNEXPECTED[0m |  | 
0: vision_model.pre_layrnorm.weight                               | [38;5;208mUNEXPECTED[0m |  | 
0: vision_model.embeddings.position_ids                           | [38;5;208mUNEXPECTED[0m |  | 
0: text_model.embeddings.position_ids                             | [38;5;208mUNEXPECTED[0m |  | 
0: vision_model.embeddings.class_embedding                        | [38;5;208mUNEXPECTED[0m |  | 
0: visual_projection.weight                                       | [38;5;208mUNEXPECTED[0m |  | 
0: vision_model.pre_layrnorm.bias                                 | [38;5;208mUNEXPECTED[0m |  | 
0: 
0: Notes:
0: - [38;5;208mUNEXPECTED:[0m	[3mcan be ignored when loading from different
0:  task/architecture; not ok if you expect identical arch.[0m
0: FuturePredictor trainable params: 260.6M
0: Student DA3 + head + predictor trainable params: 1033.5M
0: Unified DA3 GT depth loss enabled: type=da3_style lambda_depth=0.0500 depth_grad_weight=1.0000 lambda_depth_conf=0.2000 lambda_ray=0.0000 lambda_point=0.0000 lambda_camera_pose=0.0000
0: Unified GT depth decode chunk size: 1
0: Unified GT depth decode context: full_sequence future_steps=0
0: Loading weights:   0%|          | 0/196 [00:00<?, ?it/s]
0: Schedule: cosine decay, warmup=500 steps, max=150 steps, min_lr_ratio=0.010
0: Loading weights: 100%|██████████| 196/196 [00:00<00:00, 11899.25it/s]
0: [1mCLIPTextModel LOAD REPORT[0m from: /iopsstor/scratch/cscs/veichta/rpr-wp3/assets/clip-vit-large-patch14
0: Key                                                            | Status     |  | 
0: ---------------------------------------------------------------+------------+--+-
0: vision_model.encoder.layers.{0...23}.mlp.fc2.weight            | [38;5;208mUNEXPECTED[0m |  | 
0: vision_model.encoder.layers.{0...23}.self_attn.q_proj.bias     | [38;5;208mUNEXPECTED[0m |  | 
0: vision_model.encoder.layers.{0...23}.self_attn.v_proj.weight   | [38;5;208mUNEXPECTED[0m |  | 
0: vision_model.encoder.layers.{0...23}.self_attn.k_proj.weight   | [38;5;208mUNEXPECTED[0m |  | 
0: vision_model.encoder.layers.{0...23}.mlp.fc1.bias              | [38;5;208mUNEXPECTED[0m |  | 
0: vision_model.encoder.layers.{0...23}.layer_norm2.weight        | [38;5;208mUNEXPECTED[0m |  | 
0: vision_model.encoder.layers.{0...23}.mlp.fc2.bias              | [38;5;208mUNEXPECTED[0m |  | 
0: text_projection.weight                                         | [38;5;
0: 208mUNEXPECTED[0m |  | 
0: vision_model.encoder.layers.{0...23}.self_attn.q_proj.weight   | [38;5;208mUNEXPECTED[0m |  | 
0: vision_model.encoder.layers.{0...23}.self_attn.v_proj.bias     | [38;5;208mUNEXPECTED[0m |  | 
0: vision_model.encoder.layers.{0...23}.self_attn.out_proj.bias   | [38;5;208mUNEXPECTED[0m |  | 
0: vision_model.post_layernorm.weight                             | [38;5;208mUNEXPECTED[0m |  | 
0: vision_model.encoder.layers.{0...23}.self_attn.k_proj.bias     | [38;5;208mUNEXPECTED[0m |  | 
0: vision_model.encoder.layers.{0...23}.layer_norm1.bias          | [38;5;208mUNEXPECTED[0m |  | 
0: vision_model.pre_layrnorm.weight                               | [38;5;208mUNEXPECTED[0m |  | 
0: vision_model.encoder.layers.{0...23}.mlp.fc1.weight            | [38;5;208mUNEXPECTED[0m |  | 
0: vision_model.encoder.layers.{0...23}.self_attn.out_proj.weight | [38;5;208mUNEXPECTED[0m |  | 
0: vision_model.encoder.layers.{0...23}.layer_norm2.bias          | [38;5;208mUNEXPECTED[0m |  | 
0: vision_model.encoder.layers.{
0: 0...23}.layer_norm1.weight        | [38;5;208mUNEXPECTED[0m |  | 
0: vision_model.embeddings.class_embedding                        | [38;5;208mUNEXPECTED[0m |  | 
0: vision_model.post_layernorm.bias                               | [38;5;208mUNEXPECTED[0m |  | 
0: visual_projection.weight                                       | [38;5;208mUNEXPECTED[0m |  | 
0: vision_model.embeddings.position_embedding.weight              | [38;5;208mUNEXPECTED[0m |  | 
0: logit_scale                                                    | [38;5;208mUNEXPECTED[0m |  | 
0: vision_model.embeddings.patch_embedding.weight                 | [38;5;208mUNEXPECTED[0m |  | 
0: vision_model.embeddings.position_ids                           | [38;5;208mUNEXPECTED[0m |  | 
0: text_model.embeddings.position_ids                             | [38;5;208mUNEXPECTED[0m |  | 
0: vision_model.pre_layrnorm.bias                                 | [38;5;208mUNEXPECTED[0m |  | 
0: 
0: Notes:
0: - [38;5;208mUNEXPECTED:[0m	[3mcan be ignored when loading from different
0:  task/architecture; not ok if you expect identical arch.[0m
0: DeepSpeed optimizer: backbone_lr=5.0e-05, head_lr=5.0e-04 (10x), predictor_lr=1.0e-05 (0.2x), wd=0.0000, adam_eps=1.0e-06, betas=(0.9000, 0.9990)
0: DDP gradient accumulation: grad_accum_steps=4 no_sync_non_boundary=False
0: LiberoHDF5SequenceDataset [train]: 1 samples from 1 files fps=20.0->20.00Hz chunk_size=8 random_stride=False cameras=['agentview_rgb', 'eye_in_hand_rgb'] uniform_action_sampling=False hdf5_mask=off da3_input_rotate180=True da3_input_hflip=True da3_input_vflip=False gt_depth_rotate180=True gt_depth_hflip=True gt_depth_vflip=False gt_depth=embedded_hdf5 noop_filter=off action_frame=base proprio_orientation=axis_angle openpi_libero_augment=False image_aug_profile=legacy jpeg_train=False@q95 jpeg_eval=False@q95
0: LiberoHDF5SequenceDataset [train]: 1 samples from 1 files fps=20.0->20.00Hz chunk_size=8 random_stride=False cameras=['agentview_rgb', 'eye_in_hand_rgb'] uniform_action_sampling=False hdf5_mask=off da3_input_rotate180=True da3_input_hflip=True da3_input_vflip=False gt_depth_rotate180=True gt_depth_hflip=True gt_depth_vflip=False gt_depth=embedded_hdf5 noop_filter=off action_frame=base proprio_orientation=axis_angle openpi_libero_augment=False image_aug_profile=legacy jpeg_train=False@q95 jpeg_eval=False@q95
0: LiberoHDF5SequenceDataset [train]: 1 samples from 1 files fps=20.0->20.00Hz chunk_size=8 random_stride=False cameras=['agentview_rgb', 'eye_in_hand_rgb'] uniform_action_sampling=False hdf5_mask=off da3_input_rotate180=True da3_input_hflip=True da3_input_vflip=False gt_depth_rotate180=True gt_depth_hflip=True gt_depth_vflip=False gt_depth=embedded_hdf5 noop_filter=off action_frame=base proprio_orientation=axis_angle openpi_libero_augment=False image_aug_profile=legacy jpeg_train=False@q95 jpeg_eval=False@q95
0: Dataset build [train] size=1 elapsed=0.0s max_episodes=None eval_max_episodes=None batch_size=3
0: Dataset virtual epoch [train] physical_size=1 virtual_size=2400 min_batches_per_rank=200
0: Skipping eval dataset build (eval_every=999999)
0: Syncing action-stats-dir-create normalizer stats across 4 ranks
0: LiberoHDF5SequenceDataset [train]: 1 samples from 1 files fps=20.0->20.00Hz chunk_size=8 random_stride=False cameras=['agentview_rgb', 'eye_in_hand_rgb'] uniform_action_sampling=False hdf5_mask=off da3_input_rotate180=True da3_input_hflip=True da3_input_vflip=False gt_depth_rotate180=True gt_depth_hflip=True gt_depth_vflip=False gt_depth=embedded_hdf5 noop_filter=off action_frame=base proprio_orientation=axis_angle openpi_libero_augment=False image_aug_profile=legacy jpeg_train=False@q95 jpeg_eval=False@q95
0: Loading action normalizer from /iopsstor/scratch/cscs/veichta/rpr-wp3/code/gam/data/libero_noop/_stats for 1 datasets (target_hz=None, per_ds_hz={'libero_hdf5': 20.0})
0: Action normalizer stats keys: ['libero_hdf5']
0: Syncing proprio-stats-dir-create normalizer stats across 4 ranks
0: Loading proprio normalizer from /iopsstor/scratch/cscs/veichta/rpr-wp3/code/gam/data/libero_noop/_stats for 1 datasets
0: Proprio normalizer stats keys: ['libero_hdf5']
0: Action stats: libero_hdf5: mean=[0.19519999623298645, 0.0778999999165535, -0.18369999527931213, 0.007799999788403511, -0.0010999999940395355, -0.055399999022483826, 0.6625000238418579] std=[0.4471000134944916, 0.2110999971628189, 0.6069999933242798, 0.031199999153614044, 0.0714000016450882, 0.07109999656677246, 0.47279998660087585]
0: Action stats: libero_hdf5: mean=[0.19519999623298645, 0.0778999999165535, -0.18369999527931213, 0.007799999788403511, -0.0010999999940395355, -0.055399999022483826, 0.6625000238418579] std=[0.4471000134944916, 0.2110999971628189, 0.6069999933242798, 0.031199999153614044, 0.0714000016450882, 0.07109999656677246, 0.47279998660087585]
0: Action stats: libero_hdf5: mean=[0.19519999623298645, 0.0778999999165535, -0.18369999527931213, 0.007799999788403511, -0.0010999999940395355, -0.055399999022483826, 0.6625000238418579] std=[0.4471000134944916, 0.2110999971628189, 0.6069999933242798, 0.031199999153614044, 0.0714000016450882, 0.07109999656677246, 0.47279998660087585]
0: ======================================================================
0: TRAINING CONFIGURATION
0: ======================================================================
0:   target_hz: None
0:   libero_hdf5                     native=20fps  action_stride=1  visual_anchor_stride=8  chunk=8  labels/sample=64  effective=20.0Hz  max_stride=1
0:   action normalizer: 1 datasets, stats_keys=['libero_hdf5']
0:   action normalizer unit: per policy action after action_stride aggregation; chunk_size groups multiple normalized 7D policy actions under one visual anchor.
0:   action_head chunk_position_encoding: learned
0:   samples=2400  batch=3  epochs=500000  batches/epoch=200
0: ======================================================================
0: Action stats: libero_hdf5: mean=[0.19519999623298645, 0.0778999999165535, -0.18369999527931213, 0.007799999788403511, -0.0010999999940395355, -0.055399999022483826, 0.6625000238418579] std=[0.4471000134944916, 0.2110999971628189, 0.6069999933242798, 0.031199999153614044, 0.0714000016450882, 0.07109999656677246, 0.47279998660087585]
0: [data-wait step=0000010 rank=0] wait=0.00s threshold=20.00s epoch_batch=10 datasets=libero_hdf5:3 stats=libero_hdf5:3 views=2:3 valid=1.000 cameras=agentview_rgb+eye_in_hand_rgb:3 episodes=0-0 start_t=4-23 frames=4-79
0: [step=0000010] total=4.2634 action_l1=1.1351 feat=0.8261 depth=0.6399 ray=0.0000 point=0.0000 rel@1/5/10=0.031/0.118/0.230 mse=0.45040 s/step=1.932 lr=2.0e-07/2.0e-06
0: [data-wait step=0000020 rank=0] wait=0.00s threshold=20.00s epoch_batch=20 datasets=libero_hdf5:3 stats=libero_hdf5:3 views=2:3 valid=1.000 cameras=agentview_rgb+eye_in_hand_rgb:3 episodes=0-0 start_t=12-28 frames=12-84
0: [step=0000020] total=4.2988 action_l1=1.1474 feat=0.8251 depth=0.6300 ray=0.0000 point=0.0000 rel@1/5/10=0.019/0.116/0.291 mse=0.43231 s/step=1.095 lr=5.0e-07/5.0e-06
0: [data-wait step=0000030 rank=0] wait=0.00s threshold=20.00s epoch_batch=30 datasets=libero_hdf5:3 stats=libero_hdf5:3 views=2:3 valid=1.000 cameras=agentview_rgb+eye_in_hand_rgb:3 episodes=0-0 start_t=2-28 frames=2-84
0: [step=0000030] total=3.8250 action_l1=0.9892 feat=0.8260 depth=0.6252 ray=0.0000 point=0.0000 rel@1/5/10=0.062/0.256/0.423 mse=0.23072 s/step=0.837 lr=7.0e-07/7.0e-06
0: [data-wait step=0000040 rank=0] wait=0.00s threshold=20.00s epoch_batch=40 datasets=libero_hdf5:3 stats=libero_hdf5:3 views=2:3 valid=1.000 cameras=agentview_rgb+eye_in_hand_rgb:3 episodes=0-0 start_t=13-27 frames=13-83
0: [step=0000040] total=3.3807 action_l1=0.8413 feat=0.8249 depth=0.6350 ray=0.0000 point=0.0000 rel@1/5/10=0.028/0.137/0.260 mse=0.27197 s/step=0.988 lr=1.0e-06/1.0e-05
0: [data-wait step=0000050 rank=0] wait=0.00s threshold=20.00s epoch_batch=50 datasets=libero_hdf5:3 stats=libero_hdf5:3 views=2:3 valid=1.000 cameras=agentview_rgb+eye_in_hand_rgb:3 episodes=0-0 start_t=4-19 frames=4-75
0: [step=0000050] total=3.4848 action_l1=0.8758 feat=0.8257 depth=0.6341 ray=0.0000 point=0.0000 rel@1/5/10=0.032/0.170/0.323 mse=0.40425 s/step=1.016 lr=1.2e-06/1.2e-05
0: [data-wait step=0000060 rank=0] wait=0.00s threshold=20.00s epoch_batch=60 datasets=libero_hdf5:3 stats=libero_hdf5:3 views=2:3 valid=1.000 cameras=agentview_rgb+eye_in_hand_rgb:3 episodes=0-0 start_t=24-29 frames=24-85
0: [step=0000060] total=3.7898 action_l1=0.9776 feat=0.8254 depth=0.6334 ray=0.0000 point=0.0000 rel@1/5/10=0.048/0.310/0.560 mse=0.28364 s/step=0.958 lr=1.5e-06/1.5e-05
0: [data-wait step=0000070 rank=0] wait=0.00s threshold=20.00s epoch_batch=70 datasets=libero_hdf5:3 stats=libero_hdf5:3 views=2:3 valid=1.000 cameras=agentview_rgb+eye_in_hand_rgb:3 episodes=0-0 start_t=8-18 frames=8-74
0: [step=0000070] total=3.6134 action_l1=0.9188 feat=0.8250 depth=0.6422 ray=0.0000 point=0.0000 rel@1/5/10=0.042/0.223/0.345 mse=0.15855 s/step=0.958 lr=1.7e-06/1.7e-05
0: [data-wait step=0000080 rank=0] wait=0.00s threshold=20.00s epoch_batch=80 datasets=libero_hdf5:3 stats=libero_hdf5:3 views=2:3 valid=1.000 cameras=agentview_rgb+eye_in_hand_rgb:3 episodes=0-0 start_t=11-27 frames=11-83
0: [step=0000080] total=2.9336 action_l1=0.6925 feat=0.8245 depth=0.6314 ray=0.0000 point=0.0000 rel@1/5/10=0.089/0.470/0.655 mse=0.07689 s/step=1.034 lr=2.0e-06/2.0e-05
0: [data-wait step=0000090 rank=0] wait=0.00s threshold=20.00s epoch_batch=90 datasets=libero_hdf5:3 stats=libero_hdf5:3 views=2:3 valid=1.000 cameras=agentview_rgb+eye_in_hand_rgb:3 episodes=0-0 start_t=0-34 frames=0-90
0: [step=0000090] total=2.6859 action_l1=0.6098 feat=0.8247 depth=0.6341 ray=0.0000 point=0.0000 rel@1/5/10=0.065/0.351/0.506 mse=0.16990 s/step=0.908 lr=2.2e-06/2.2e-05
0: [data-wait step=0000100 rank=0] wait=0.00s threshold=20.00s epoch_batch=100 datasets=libero_hdf5:3 stats=libero_hdf5:3 views=2:3 valid=1.000 cameras=agentview_rgb+eye_in_hand_rgb:3 episodes=0-0 start_t=5-33 frames=5-89
0: [step=0000100] total=2.6117 action_l1=0.5848 feat=0.8255 depth=0.6345 ray=0.0000 point=0.0000 rel@1/5/10=0.060/0.280/0.524 mse=0.15857 s/step=1.054 lr=2.5e-06/2.5e-05
0: [data-wait step=0000110 rank=0] wait=0.00s threshold=20.00s epoch_batch=110 datasets=libero_hdf5:3 stats=libero_hdf5:3 views=2:3 valid=1.000 cameras=agentview_rgb+eye_in_hand_rgb:3 episodes=0-0 start_t=7-10 frames=7-66
0: [step=0000110] total=2.4381 action_l1=0.5275 feat=0.8245 depth=0.6226 ray=0.0000 point=0.0000 rel@1/5/10=0.082/0.311/0.576 mse=0.09589 s/step=1.031 lr=2.7e-06/2.7e-05
0: [data-wait step=0000120 rank=0] wait=0.00s threshold=20.00s epoch_batch=120 datasets=libero_hdf5:3 stats=libero_hdf5:3 views=2:3 valid=1.000 cameras=agentview_rgb+eye_in_hand_rgb:3 episodes=0-0 start_t=21-26 frames=21-82
0: [step=0000120] total=2.3433 action_l1=0.4955 feat=0.8252 depth=0.6314 ray=0.0000 point=0.0000 rel@1/5/10=0.104/0.393/0.601 mse=0.09396 s/step=0.900 lr=3.0e-06/3.0e-05
0: [data-wait step=0000130 rank=0] wait=0.00s threshold=20.00s epoch_batch=130 datasets=libero_hdf5:3 stats=libero_hdf5:3 views=2:3 valid=1.000 cameras=agentview_rgb+eye_in_hand_rgb:3 episodes=0-0 start_t=2-29 frames=2-85
0: [step=0000130] total=2.2700 action_l1=0.4710 feat=0.8256 depth=0.6302 ray=0.0000 point=0.0000 rel@1/5/10=0.056/0.345/0.560 mse=0.09760 s/step=1.099 lr=3.2e-06/3.2e-05
0: [data-wait step=0000140 rank=0] wait=0.00s threshold=20.00s epoch_batch=140 datasets=libero_hdf5:3 stats=libero_hdf5:3 views=2:3 valid=1.000 cameras=agentview_rgb+eye_in_hand_rgb:3 episodes=0-0 start_t=0-33 frames=0-89
0: [step=0000140] total=2.2662 action_l1=0.4700 feat=0.8254 depth=0.6188 ray=0.0000 point=0.0000 rel@1/5/10=0.044/0.264/0.498 mse=0.12529 s/step=1.075 lr=3.5e-06/3.5e-05
0: [data-wait step=0000150 rank=0] wait=0.00s threshold=20.00s epoch_batch=150 datasets=libero_hdf5:3 stats=libero_hdf5:3 views=2:3 valid=1.000 cameras=agentview_rgb+eye_in_hand_rgb:3 episodes=0-0 start_t=15-18 frames=15-74
0: [step=0000150] total=2.1873 action_l1=0.4437 feat=0.8250 depth=0.6224 ray=0.0000 point=0.0000 rel@1/5/10=0.051/0.310/0.564 mse=0.09003 s/step=0.933 lr=3.7e-06/3.7e-05
0: Training complete.
0: Saved PDF report to /iopsstor/scratch/cscs/veichta/rpr-wp3/runs/long_16gpu_3279116/gssr_3279116.pdf
0: pdf /iopsstor/scratch/cscs/veichta/rpr-wp3/runs/long_16gpu_3279116/gssr_3279116.pdf
0: Saved PDF report to /iopsstor/scratch/cscs/veichta/rpr-wp3/runs/zero2_4gpu_3279461/gssr_3279461.pdf
0: pdf /iopsstor/scratch/cscs/veichta/rpr-wp3/runs/zero2_4gpu_3279461/gssr_3279461.pdf
